Archive member included because of file (symbol)

e:/program/atmel/studio/7.0/toolchain/arm/arm-gnu-toolchain/bin/../lib/gcc/arm-none-eabi/4.9.3/armv6-m\libgcc.a(_udivsi3.o)
                              src/ASF/common2/services/delay/sam0/systick_counter.o (__aeabi_uidiv)
e:/program/atmel/studio/7.0/toolchain/arm/arm-gnu-toolchain/bin/../lib/gcc/arm-none-eabi/4.9.3/armv6-m\libgcc.a(_divsi3.o)
                              src/main.o (__aeabi_idiv)
e:/program/atmel/studio/7.0/toolchain/arm/arm-gnu-toolchain/bin/../lib/gcc/arm-none-eabi/4.9.3/armv6-m\libgcc.a(_dvmd_tls.o)
                              e:/program/atmel/studio/7.0/toolchain/arm/arm-gnu-toolchain/bin/../lib/gcc/arm-none-eabi/4.9.3/armv6-m\libgcc.a(_udivsi3.o) (__aeabi_idiv0)
e:/program/atmel/studio/7.0/toolchain/arm/arm-gnu-toolchain/bin/../lib/gcc/arm-none-eabi/4.9.3/armv6-m\libgcc.a(_muldi3.o)
                              src/ASF/sam0/drivers/sercom/sercom.o (__aeabi_lmul)
e:/program/atmel/studio/7.0/toolchain/arm/arm-gnu-toolchain/bin/../lib/gcc/arm-none-eabi/4.9.3/../../../../arm-none-eabi/lib/armv6-m\libc_nano.a(lib_a-ctype_.o)
                              src/main.o (__ctype_ptr__)
e:/program/atmel/studio/7.0/toolchain/arm/arm-gnu-toolchain/bin/../lib/gcc/arm-none-eabi/4.9.3/../../../../arm-none-eabi/lib/armv6-m\libc_nano.a(lib_a-exit.o)
                              e:/program/atmel/studio/7.0/toolchain/arm/arm-gnu-toolchain/bin/../lib/gcc/arm-none-eabi/4.9.3/../../../../arm-none-eabi/lib/armv6-m/crt0.o (exit)
e:/program/atmel/studio/7.0/toolchain/arm/arm-gnu-toolchain/bin/../lib/gcc/arm-none-eabi/4.9.3/../../../../arm-none-eabi/lib/armv6-m\libc_nano.a(lib_a-impure.o)
                              e:/program/atmel/studio/7.0/toolchain/arm/arm-gnu-toolchain/bin/../lib/gcc/arm-none-eabi/4.9.3/../../../../arm-none-eabi/lib/armv6-m\libc_nano.a(lib_a-exit.o) (_global_impure_ptr)
e:/program/atmel/studio/7.0/toolchain/arm/arm-gnu-toolchain/bin/../lib/gcc/arm-none-eabi/4.9.3/../../../../arm-none-eabi/lib/armv6-m\libc_nano.a(lib_a-init.o)
                              e:/program/atmel/studio/7.0/toolchain/arm/arm-gnu-toolchain/bin/../lib/gcc/arm-none-eabi/4.9.3/../../../../arm-none-eabi/lib/armv6-m/crt0.o (__libc_init_array)
e:/program/atmel/studio/7.0/toolchain/arm/arm-gnu-toolchain/bin/../lib/gcc/arm-none-eabi/4.9.3/../../../../arm-none-eabi/lib/armv6-m\libc_nano.a(lib_a-memcpy.o)
                              src/ASF/sam0/drivers/adc/adc_sam_d_r/adc.o (memcpy)
e:/program/atmel/studio/7.0/toolchain/arm/arm-gnu-toolchain/bin/../lib/gcc/arm-none-eabi/4.9.3/../../../../arm-none-eabi/lib/armv6-m\libc_nano.a(lib_a-memset.o)
                              e:/program/atmel/studio/7.0/toolchain/arm/arm-gnu-toolchain/bin/../lib/gcc/arm-none-eabi/4.9.3/../../../../arm-none-eabi/lib/armv6-m/crt0.o (memset)
e:/program/atmel/studio/7.0/toolchain/arm/arm-gnu-toolchain/bin/../lib/gcc/arm-none-eabi/4.9.3/../../../../arm-none-eabi/lib/armv6-m\libc_nano.a(lib_a-printf.o)
                              src/ASF/sam0/utils/syscalls/gcc/syscalls.o (printf)
e:/program/atmel/studio/7.0/toolchain/arm/arm-gnu-toolchain/bin/../lib/gcc/arm-none-eabi/4.9.3/../../../../arm-none-eabi/lib/armv6-m\libc_nano.a(lib_a-sprintf.o)
                              src/main.o (sprintf)
e:/program/atmel/studio/7.0/toolchain/arm/arm-gnu-toolchain/bin/../lib/gcc/arm-none-eabi/4.9.3/../../../../arm-none-eabi/lib/armv6-m\libc_nano.a(lib_a-findfp.o)
                              e:/program/atmel/studio/7.0/toolchain/arm/arm-gnu-toolchain/bin/../lib/gcc/arm-none-eabi/4.9.3/../../../../arm-none-eabi/lib/armv6-m\libc_nano.a(lib_a-printf.o) (__sinit)
e:/program/atmel/studio/7.0/toolchain/arm/arm-gnu-toolchain/bin/../lib/gcc/arm-none-eabi/4.9.3/../../../../arm-none-eabi/lib/armv6-m\libc_nano.a(lib_a-fwalk.o)
                              e:/program/atmel/studio/7.0/toolchain/arm/arm-gnu-toolchain/bin/../lib/gcc/arm-none-eabi/4.9.3/../../../../arm-none-eabi/lib/armv6-m\libc_nano.a(lib_a-findfp.o) (_fwalk)
e:/program/atmel/studio/7.0/toolchain/arm/arm-gnu-toolchain/bin/../lib/gcc/arm-none-eabi/4.9.3/../../../../arm-none-eabi/lib/armv6-m\libc_nano.a(lib_a-nano-mallocr.o)
                              e:/program/atmel/studio/7.0/toolchain/arm/arm-gnu-toolchain/bin/../lib/gcc/arm-none-eabi/4.9.3/../../../../arm-none-eabi/lib/armv6-m\libc_nano.a(lib_a-findfp.o) (_malloc_r)
e:/program/atmel/studio/7.0/toolchain/arm/arm-gnu-toolchain/bin/../lib/gcc/arm-none-eabi/4.9.3/../../../../arm-none-eabi/lib/armv6-m\libc_nano.a(lib_a-nano-svfprintf.o)
                              e:/program/atmel/studio/7.0/toolchain/arm/arm-gnu-toolchain/bin/../lib/gcc/arm-none-eabi/4.9.3/../../../../arm-none-eabi/lib/armv6-m\libc_nano.a(lib_a-sprintf.o) (_svfprintf_r)
e:/program/atmel/studio/7.0/toolchain/arm/arm-gnu-toolchain/bin/../lib/gcc/arm-none-eabi/4.9.3/../../../../arm-none-eabi/lib/armv6-m\libc_nano.a(lib_a-nano-vfprintf.o)
[...]
Memory Configuration

Name             Origin             Length             Attributes
rom              0x00000000         0x00040000         xr
ram              0x20000000         0x00008000         xrw
*default*        0x00000000         0xffffffff

Linker script and memory map

LOAD e:/program/atmel/studio/7.0/toolchain/arm/arm-gnu-toolchain/bin/../lib/gcc/arm-none-eabi/4.9.3/armv6-m/crti.o
LOAD e:/program/atmel/studio/7.0/toolchain/arm/arm-gnu-toolchain/bin/../lib/gcc/arm-none-eabi/4.9.3/armv6-m/crtbegin.o
LOAD e:/program/atmel/studio/7.0/toolchain/arm/arm-gnu-toolchain/bin/../lib/gcc/arm-none-eabi/4.9.3/../../../../arm-none-eabi/lib/armv6-m/crt0.o
LOAD src/ASF/sam0/drivers/adc/adc_sam_d_r/adc.o
LOAD src/driver/dht11/dht11.o
LOAD src/driver/esp8266/esp8266.o
LOAD src/driver/mq/mq.o
LOAD src/ASF/common2/services/delay/sam0/systick_counter.o
LOAD src/ASF/common/utils/interrupt/interrupt_sam_nvic.o
LOAD src/ASF/sam0/boards/samd21_xplained_pro/board_init.o
LOAD src/ASF/sam0/drivers/port/port.o
LOAD src/ASF/sam0/drivers/sercom/sercom.o
LOAD src/ASF/sam0/drivers/sercom/sercom_interrupt.o
LOAD src/ASF/sam0/drivers/sercom/usart/usart.o
LOAD src/ASF/sam0/drivers/sercom/usart/usart_interrupt.o
LOAD src/ASF/sam0/drivers/system/clock/clock_samd21_r21_da/clock.o
LOAD src/ASF/sam0/drivers/system/clock/clock_samd21_r21_da/gclk.o
LOAD src/ASF/sam0/drivers/system/interrupt/system_interrupt.o
LOAD src/ASF/sam0/drivers/system/pinmux/pinmux.o
LOAD src/ASF/sam0/drivers/system/system.o
LOAD src/ASF/sam0/utils/cmsis/samd21/source/gcc/startup_samd21.o
LOAD src/ASF/sam0/utils/cmsis/samd21/source/system_samd21.o
LOAD src/ASF/sam0/utils/syscalls/gcc/syscalls.o
LOAD src/main.o
START GROUP
LOAD ../src/ASF/thirdparty/CMSIS/Lib/GCC\libarm_cortexM0l_math.a
LOAD e:/program/atmel/studio/7.0/toolchain/arm/arm-gnu-toolchain/bin/../lib/gcc/arm-none-eabi/4.9.3/../../../../arm-none-eabi/lib/armv6-m\libm.a
END GROUP
START GROUP
LOAD e:/program/atmel/studio/7.0/toolchain/arm/arm-gnu-toolchain/bin/../lib/gcc/arm-none-eabi/4.9.3/armv6-m\libgcc.a
LOAD e:/program/atmel/studio/7.0/toolchain/arm/arm-gnu-toolchain/bin/../lib/gcc/arm-none-eabi/4.9.3/../../../../arm-none-eabi/lib/armv6-m\libc_nano.a
END GROUP
START GROUP
LOAD e:/program/atmel/studio/7.0/toolchain/arm/arm-gnu-toolchain/bin/../lib/gcc/arm-none-eabi/4.9.3/armv6-m\libgcc.a
LOAD e:/program/atmel/studio/7.0/toolchain/arm/arm-gnu-toolchain/bin/../lib/gcc/arm-none-eabi/4.9.3/../../../../arm-none-eabi/lib/armv6-m\libc_nano.a
END GROUP
LOAD e:/program/atmel/studio/7.0/toolchain/arm/arm-gnu-toolchain/bin/../lib/gcc/arm-none-eabi/4.9.3/armv6-m/crtend.o
LOAD e:/program/atmel/studio/7.0/toolchain/arm/arm-gnu-toolchain/bin/../lib/gcc/arm-none-eabi/4.9.3/armv6-m/crtn.o
                0x00002000                STACK_SIZE = DEFINED (STACK_SIZE)?STACK_SIZE:DEFINED (__stack_size__)?__stack_size__:0x2000

.text           0x00000000     0x30b8
                0x00000000                . = ALIGN (0x4)
                0x00000000                _sfixed = .
 *(.vectors .vectors.*)
 .vectors       0x00000000       0xb0 src/ASF/sam0/utils/cmsis/samd21/source/gcc/startup_samd21.o
                0x00000000                exception_table
 *(.text .text.* .gnu.linkonce.t.*)
 .text          0x000000b0       0x60 e:/program/atmel/studio/7.0/toolchain/arm/arm-gnu-toolchain/bin/../lib/gcc/arm-none-eabi/4.9.3/armv6-m/crtbegin.o
 .text.adc_init
                0x00000110      0x40c src/ASF/sam0/drivers/adc/adc_sam_d_r/adc.o
                0x00000110                adc_init
 .text.Run_COM  0x0000051c       0xac src/driver/dht11/dht11.o
                0x0000051c                Run_COM
 .text.RH       0x000005c8      0x140 src/driver/dht11/dht11.o
                0x000005c8                RH
 .text.dht_run  0x00000708       0x58 src/driver/dht11/dht11.o
                0x00000708                dht_run
 .text.esp_init
                0x00000760       0xc8 src/driver/esp8266/esp8266.o
                0x00000760                esp_init
 .text.adc_get_config_defaults_n
                0x00000828       0x48 src/driver/mq/mq.o
                0x00000828                adc_get_config_defaults_n
 .text.configure_adc
                0x00000870       0x4c src/driver/mq/mq.o
                0x00000870                configure_adc
 .text.mq_run   0x000008bc       0xa4 src/driver/mq/mq.o
                0x000008bc                mq_run
 .text.delay_init
                0x00000960       0x3c src/ASF/common2/services/delay/sam0/systick_counter.o
                0x00000960                delay_init
 .text.delay_cycles_us
                0x0000099c       0x2c src/ASF/common2/services/delay/sam0/systick_counter.o
                0x0000099c                delay_cycles_us
 .text.delay_cycles_ms
                0x000009c8       0x2c src/ASF/common2/services/delay/sam0/systick_counter.o
                0x000009c8                delay_cycles_ms
 .text.cpu_irq_enter_critical
                0x000009f4       0x40 src/ASF/common/utils/interrupt/interrupt_sam_nvic.o
                0x000009f4                cpu_irq_enter_critical
 .text.cpu_irq_leave_critical
                0x00000a34       0x30 src/ASF/common/utils/interrupt/interrupt_sam_nvic.o
                0x00000a34                cpu_irq_leave_critical
 .text.system_board_init
                0x00000a64       0x38 src/ASF/sam0/boards/samd21_xplained_pro/board_init.o
                0x00000a64                board_init
                0x00000a64                system_board_init
 .text.port_pin_set_config
                0x00000a9c       0x24 src/ASF/sam0/drivers/port/port.o
                0x00000a9c                port_pin_set_config
 .text._sercom_get_sync_baud_val
                0x00000ac0       0x28 src/ASF/sam0/drivers/sercom/sercom.o
                0x00000ac0                _sercom_get_sync_baud_val
 .text._sercom_get_async_baud_val
                0x00000ae8      0x1c8 src/ASF/sam0/drivers/sercom/sercom.o
                0x00000ae8                _sercom_get_async_baud_val
 .text.sercom_set_gclk_generator
                0x00000cb0       0x4c src/ASF/sam0/drivers/sercom/sercom.o
                0x00000cb0                sercom_set_gclk_generator
 .text._sercom_get_default_pad
                0x00000cfc      0x188 src/ASF/sam0/drivers/sercom/sercom.o
                0x00000cfc                _sercom_get_default_pad
 .text._sercom_get_sercom_inst_index
                0x00000e84       0x3c src/ASF/sam0/drivers/sercom/sercom.o
                0x00000e84                _sercom_get_sercom_inst_index
 .text._sercom_default_handler
                0x00000ec0        0x4 src/ASF/sam0/drivers/sercom/sercom_interrupt.o
 .text._sercom_set_handler
                0x00000ec4       0x3c src/ASF/sam0/drivers/sercom/sercom_interrupt.o
                0x00000ec4                _sercom_set_handler
 .text._sercom_get_interrupt_vector
                0x00000f00       0x2c src/ASF/sam0/drivers/sercom/sercom_interrupt.o
                0x00000f00                _sercom_get_interrupt_vector
 .text.SERCOM0_Handler
                0x00000f2c       0x10 src/ASF/sam0/drivers/sercom/sercom_interrupt.o
                0x00000f2c                SERCOM0_Handler
 .text.SERCOM1_Handler
                0x00000f3c       0x10 src/ASF/sam0/drivers/sercom/sercom_interrupt.o
                0x00000f3c                SERCOM1_Handler
 .text.SERCOM2_Handler
                0x00000f4c       0x10 src/ASF/sam0/drivers/sercom/sercom_interrupt.o
                0x00000f4c                SERCOM2_Handler
 .text.SERCOM3_Handler
                0x00000f5c       0x10 src/ASF/sam0/drivers/sercom/sercom_interrupt.o
                0x00000f5c                SERCOM3_Handler
 .text.SERCOM4_Handler
                0x00000f6c       0x10 src/ASF/sam0/drivers/sercom/sercom_interrupt.o
                0x00000f6c                SERCOM4_Handler
 .text.SERCOM5_Handler
                0x00000f7c       0x10 src/ASF/sam0/drivers/sercom/sercom_interrupt.o
                0x00000f7c                SERCOM5_Handler
 .text.usart_init
                0x00000f8c      0x348 src/ASF/sam0/drivers/sercom/usart/usart.o
                0x00000f8c                usart_init
 .text.usart_write_wait
                0x000012d4       0x2c src/ASF/sam0/drivers/sercom/usart/usart.o
                0x000012d4                usart_write_wait
 .text.usart_read_wait
                0x00001300       0x78 src/ASF/sam0/drivers/sercom/usart/usart.o
                0x00001300                usart_read_wait
 .text.usart_write_buffer_wait
                0x00001378       0xb4 src/ASF/sam0/drivers/sercom/usart/usart.o
                0x00001378                usart_write_buffer_wait
 .text._usart_write_buffer
                0x0000142c       0x3c src/ASF/sam0/drivers/sercom/usart/usart_interrupt.o
                0x0000142c                _usart_write_buffer
 .text.usart_write_buffer_job
                0x00001468       0x20 src/ASF/sam0/drivers/sercom/usart/usart_interrupt.o
                0x00001468                usart_write_buffer_job
 .text._usart_interrupt_handler
                0x00001488      0x1a0 src/ASF/sam0/drivers/sercom/usart/usart_interrupt.o
                0x00001488                _usart_interrupt_handler
 .text.system_clock_source_get_hz
                0x00001628       0x90 src/ASF/sam0/drivers/system/clock/clock_samd21_r21_da/clock.o
                0x00001628                system_clock_source_get_hz
 .text.system_clock_source_osc8m_set_config
                0x000016b8       0x3c src/ASF/sam0/drivers/system/clock/clock_samd21_r21_da/clock.o
                0x000016b8                system_clock_source_osc8m_set_config
 .text.system_clock_source_enable
                0x000016f4       0xa0 src/ASF/sam0/drivers/system/clock/clock_samd21_r21_da/clock.o
                0x000016f4                system_clock_source_enable
 .text.system_clock_init
                0x00001794       0x98 src/ASF/sam0/drivers/system/clock/clock_samd21_r21_da/clock.o
                0x00001794                system_clock_init
 .text.system_gclk_init
                0x0000182c       0x24 src/ASF/sam0/drivers/system/clock/clock_samd21_r21_da/gclk.o
                0x0000182c                system_gclk_init
 .text.system_gclk_gen_set_config
                0x00001850       0xb8 src/ASF/sam0/drivers/system/clock/clock_samd21_r21_da/gclk.o
                0x00001850                system_gclk_gen_set_config
 .text.system_gclk_gen_enable
                0x00001908       0x44 src/ASF/sam0/drivers/system/clock/clock_samd21_r21_da/gclk.o
                0x00001908                system_gclk_gen_enable
 .text.system_gclk_gen_get_hz
                0x0000194c       0x8c src/ASF/sam0/drivers/system/clock/clock_samd21_r21_da/gclk.o
                0x0000194c                system_gclk_gen_get_hz
 .text.system_gclk_chan_enable
                0x000019d8       0x30 src/ASF/sam0/drivers/system/clock/clock_samd21_r21_da/gclk.o
                0x000019d8                system_gclk_chan_enable
 .text.system_gclk_chan_disable
                0x00001a08       0x5c src/ASF/sam0/drivers/system/clock/clock_samd21_r21_da/gclk.o
                0x00001a08                system_gclk_chan_disable
 .text.system_gclk_chan_set_config
                0x00001a64       0x1c src/ASF/sam0/drivers/system/clock/clock_samd21_r21_da/gclk.o
                0x00001a64                system_gclk_chan_set_config
 .text.system_gclk_chan_get_hz
                0x00001a80       0x34 src/ASF/sam0/drivers/system/clock/clock_samd21_r21_da/gclk.o
                0x00001a80                system_gclk_chan_get_hz
 .text._system_pinmux_config
                0x00001ab4       0xa8 src/ASF/sam0/drivers/system/pinmux/pinmux.o
 .text.system_pinmux_pin_set_config
                0x00001b5c       0x30 src/ASF/sam0/drivers/system/pinmux/pinmux.o
                0x00001b5c                system_pinmux_pin_set_config
 .text._system_dummy_init
                0x00001b8c        0x4 src/ASF/sam0/drivers/system/system.o
                0x00001b8c                _system_events_init
                0x00001b8c                _system_dummy_init
                0x00001b8c                _system_extint_init
 .text.system_init
                0x00001b90       0x24 src/ASF/sam0/drivers/system/system.o
                0x00001b90                system_init
 .text.Dummy_Handler
                0x00001bb4        0x4 src/ASF/sam0/utils/cmsis/samd21/source/gcc/startup_samd21.o
                0x00001bb4                DMAC_Handler
                0x00001bb4                HardFault_Handler
                0x00001bb4                AC_Handler
                0x00001bb4                SysTick_Handler
                0x00001bb4                PendSV_Handler
                0x00001bb4                NMI_Handler
                0x00001bb4                TC7_Handler
                0x00001bb4                ADC_Handler
                0x00001bb4                TCC1_Handler
                0x00001bb4                TCC0_Handler
                0x00001bb4                RTC_Handler
                0x00001bb4                EIC_Handler
                0x00001bb4                TC6_Handler
                0x00001bb4                WDT_Handler
                0x00001bb4                TC4_Handler
                0x00001bb4                USB_Handler
                0x00001bb4                TC3_Handler
                0x00001bb4                Dummy_Handler
                0x00001bb4                PM_Handler
                0x00001bb4                SVC_Handler
                0x00001bb4                TCC2_Handler
                0x00001bb4                EVSYS_Handler
                0x00001bb4                I2S_Handler
                0x00001bb4                NVMCTRL_Handler
                0x00001bb4                DAC_Handler
                0x00001bb4                PTC_Handler
                0x00001bb4                TC5_Handler
                0x00001bb4                SYSCTRL_Handler
 .text.Reset_Handler
                0x00001bb8       0xf8 src/ASF/sam0/utils/cmsis/samd21/source/gcc/startup_samd21.o
                0x00001bb8                Reset_Handler
 .text._sbrk    0x00001cb0       0x24 src/ASF/sam0/utils/syscalls/gcc/syscalls.o
                0x00001cb0                _sbrk
 .text.configure_usart
                0x00001cd4       0xc0 src/main.o
                0x00001cd4                configure_usart
 .text.Send     0x00001d94       0x80 src/main.o
                0x00001d94                Send
 .text.Do       0x00001e14      0x184 src/main.o
                0x00001e14                Do
 .text.configure_usart1
                0x00001f98       0xc0 src/main.o
                0x00001f98                configure_usart1
 .text.main     0x00002058      0x150 src/main.o
                0x00002058                main
 .text          0x000021a8      0x120 e:/program/atmel/studio/7.0/toolchain/arm/arm-gnu-toolchain/bin/../lib/gcc/arm-none-eabi/4.9.3/armv6-m\libgcc.a(_udivsi3.o)
                0x000021a8                __aeabi_uidiv
                0x000021a8                __udivsi3
                0x000022b4                __aeabi_uidivmod
 .text          0x000022c8      0x1e0 e:/program/atmel/studio/7.0/toolchain/arm/arm-gnu-toolchain/bin/../lib/gcc/arm-none-eabi/4.9.3/armv6-m\libgcc.a(_divsi3.o)
                0x000022c8                __divsi3
                0x000022c8                __aeabi_idiv
                0x00002494                __aeabi_idivmod
 .text          0x000024a8        0x4 e:/program/atmel/studio/7.0/toolchain/arm/arm-gnu-toolchain/bin/../lib/gcc/arm-none-eabi/4.9.3/armv6-m\libgcc.a(_dvmd_tls.o)
                0x000024a8                __aeabi_idiv0
                0x000024a8                __aeabi_ldiv0
 .text          0x000024ac       0x54 e:/program/atmel/studio/7.0/toolchain/arm/arm-gnu-toolchain/bin/../lib/gcc/arm-none-eabi/4.9.3/armv6-m\libgcc.a(_muldi3.o)
                0x000024ac                __muldi3
                0x000024ac                __aeabi_lmul
 .text.__libc_init_array
                0x00002500       0x4c e:/program/atmel/studio/7.0/toolchain/arm/arm-gnu-toolchain/bin/../lib/gcc/arm-none-eabi/4.9.3/../../../../arm-none-eabi/lib/armv6-m\libc_nano.a(lib_a-init.o)
                0x00002500                __libc_init_array
 .text.memcpy   0x0000254c       0x12 e:/program/atmel/studio/7.0/toolchain/arm/arm-gnu-toolchain/bin/../lib/gcc/arm-none-eabi/4.9.3/../../../../arm-none-eabi/lib/armv6-m\libc_nano.a(lib_a-memcpy.o)
                0x0000254c                memcpy
 *fill*         0x0000255e        0x2 
 .text.sprintf  0x00002560       0x44 e:/program/atmel/studio/7.0/toolchain/arm/arm-gnu-toolchain/bin/../lib/gcc/arm-none-eabi/4.9.3/../../../../arm-none-eabi/lib/armv6-m\libc_nano.a(lib_a-sprintf.o)
                0x00002560                siprintf
                0x00002560                sprintf
 .text._malloc_r
                0x000025a4       0xb0 e:/program/atmel/studio/7.0/toolchain/arm/arm-gnu-toolchain/bin/../lib/gcc/arm-none-eabi/4.9.3/../../../../arm-none-eabi/lib/armv6-m\libc_nano.a(lib_a-nano-mallocr.o)
                0x000025a4                _malloc_r
 .text.__ssputs_r
                0x00002654       0xc0 e:/program/atmel/studio/7.0/toolchain/arm/arm-gnu-toolchain/bin/../lib/gcc/arm-none-eabi/4.9.3/../../../../arm-none-eabi/lib/armv6-m\libc_nano.a(lib_a-nano-svfprintf.o)
                0x00002654                __ssputs_r
 .text._svfprintf_r
                0x00002714      0x1ec e:/program/atmel/studio/7.0/toolchain/arm/arm-gnu-toolchain/bin/../lib/gcc/arm-none-eabi/4.9.3/../../../../arm-none-eabi/lib/armv6-m\libc_nano.a(lib_a-nano-svfprintf.o)
                0x00002714                _svfiprintf_r
                0x00002714                _svfprintf_r
 .text._printf_common
                0x00002900       0xdc e:/program/atmel/studio/7.0/toolchain/arm/arm-gnu-toolchain/bin/../lib/gcc/arm-none-eabi/4.9.3/../../../../arm-none-eabi/lib/armv6-m\libc_nano.a(lib_a-nano-vfprintf_i.o)
                0x00002900                _printf_common
 .text._printf_i
                0x000029dc      0x230 e:/program/atmel/studio/7.0/toolchain/arm/arm-gnu-toolchain/bin/../lib/gcc/arm-none-eabi/4.9.3/../../../../arm-none-eabi/lib/armv6-m\libc_nano.a(lib_a-nano-vfprintf_i.o)
                0x000029dc                _printf_i
 .text._sbrk_r  0x00002c0c       0x24 e:/program/atmel/studio/7.0/toolchain/arm/arm-gnu-toolchain/bin/../lib/gcc/arm-none-eabi/4.9.3/../../../../arm-none-eabi/lib/armv6-m\libc_nano.a(lib_a-sbrkr.o)
                0x00002c0c                _sbrk_r
 .text.memchr   0x00002c30       0x16 e:/program/atmel/studio/7.0/toolchain/arm/arm-gnu-toolchain/bin/../lib/gcc/arm-none-eabi/4.9.3/../../../../arm-none-eabi/lib/armv6-m\libc_nano.a(lib_a-memchr.o)
                0x00002c30                memchr
 .text.memmove  0x00002c46       0x28 e:/program/atmel/studio/7.0/toolchain/arm/arm-gnu-toolchain/bin/../lib/gcc/arm-none-eabi/4.9.3/../../../../arm-none-eabi/lib/armv6-m\libc_nano.a(lib_a-memmove.o)
                0x00002c46                memmove
 *fill*         0x00002c6e        0x2 
 .text._free_r  0x00002c70       0x8c e:/program/atmel/studio/7.0/toolchain/arm/arm-gnu-toolchain/bin/../lib/gcc/arm-none-eabi/4.9.3/../../../../arm-none-eabi/lib/armv6-m\libc_nano.a(lib_a-nano-freer.o)
                0x00002c70                _free_r
 .text._realloc_r
                0x00002cfc       0x4c e:/program/atmel/studio/7.0/toolchain/arm/arm-gnu-toolchain/bin/../lib/gcc/arm-none-eabi/4.9.3/../../../../arm-none-eabi/lib/armv6-m\libc_nano.a(lib_a-nano-reallocr.o)
                0x00002cfc                _realloc_r
 .text._malloc_usable_size_r
                0x00002d48       0x16 e:/program/atmel/studio/7.0/toolchain/arm/arm-gnu-toolchain/bin/../lib/gcc/arm-none-eabi/4.9.3/../../../../arm-none-eabi/lib/armv6-m\libc_nano.a(lib_a-nano-msizer.o)
                0x00002d48                _malloc_usable_size_r
 *(.glue_7t)
 .glue_7t       0x00000000        0x0 linker stubs
 *(.glue_7)
 .glue_7        0x00000000        0x0 linker stubs
 *(.rodata .rodata* .gnu.linkonce.r.*)
 *fill*         0x00002d5e        0x2 
 .rodata.adc_init
                0x00002d60       0xd4 src/ASF/sam0/drivers/adc/adc_sam_d_r/adc.o
 .rodata        0x00002e34       0x50 src/ASF/sam0/drivers/adc/adc_sam_d_r/adc.o
 .rodata        0x00002e84       0x18 src/ASF/sam0/drivers/sercom/sercom.o
 .rodata        0x00002e9c        0x8 src/ASF/sam0/drivers/sercom/sercom_interrupt.o
 .rodata.system_clock_source_get_hz
                0x00002ea4       0x24 src/ASF/sam0/drivers/system/clock/clock_samd21_r21_da/clock.o
 .rodata.system_clock_source_enable
                0x00002ec8       0x24 src/ASF/sam0/drivers/system/clock/clock_samd21_r21_da/clock.o
 .rodata.str1.4
                0x00002eec       0x14 src/main.o
 .rodata._ctype_
                0x00002f00      0x101 e:/program/atmel/studio/7.0/toolchain/arm/arm-gnu-toolchain/bin/../lib/gcc/arm-none-eabi/4.9.3/../../../../arm-none-eabi/lib/armv6-m\libc_nano.a(lib_a-ctype_.o)
                0x00002f00                _ctype_
 .rodata.str1.1
                0x00003001        0x2 e:/program/atmel/studio/7.0/toolchain/arm/arm-gnu-toolchain/bin/../lib/gcc/arm-none-eabi/4.9.3/../../../../arm-none-eabi/lib/armv6-m\libc_nano.a(lib_a-impure.o)
 *fill*         0x00003003        0x1 
 .rodata.__sf_fake_stdin
                0x00003004       0x20 e:/program/atmel/studio/7.0/toolchain/arm/arm-gnu-toolchain/bin/../lib/gcc/arm-none-eabi/4.9.3/../../../../arm-none-eabi/lib/armv6-m\libc_nano.a(lib_a-findfp.o)
                0x00003004                __sf_fake_stdin
 .rodata.__sf_fake_stdout
                0x00003024       0x20 e:/program/atmel/studio/7.0/toolchain/arm/arm-gnu-toolchain/bin/../lib/gcc/arm-none-eabi/4.9.3/../../../../arm-none-eabi/lib/armv6-m\libc_nano.a(lib_a-findfp.o)
                0x00003024                __sf_fake_stdout
 .rodata.__sf_fake_stderr
                0x00003044       0x20 e:/program/atmel/studio/7.0/toolchain/arm/arm-gnu-toolchain/bin/../lib/gcc/arm-none-eabi/4.9.3/../../../../arm-none-eabi/lib/armv6-m\libc_nano.a(lib_a-findfp.o)
                0x00003044                __sf_fake_stderr
 .rodata.str1.1
                0x00003064       0x11 e:/program/atmel/studio/7.0/toolchain/arm/arm-gnu-toolchain/bin/../lib/gcc/arm-none-eabi/4.9.3/../../../../arm-none-eabi/lib/armv6-m\libc_nano.a(lib_a-nano-svfprintf.o)
 .rodata.str1.1
                0x00003075       0x22 e:/program/atmel/studio/7.0/toolchain/arm/arm-gnu-toolchain/bin/../lib/gcc/arm-none-eabi/4.9.3/../../../../arm-none-eabi/lib/armv6-m\libc_nano.a(lib_a-nano-vfprintf_i.o)
 *(.ARM.extab* .gnu.linkonce.armextab.*)
                0x00003098                . = ALIGN (0x4)
 *fill*         0x00003097        0x1 
 *(.init)
 .init          0x00003098        0x4 e:/program/atmel/studio/7.0/toolchain/arm/arm-gnu-toolchain/bin/../lib/gcc/arm-none-eabi/4.9.3/armv6-m/crti.o
                0x00003098                _init
 .init          0x0000309c        0x8 e:/program/atmel/studio/7.0/toolchain/arm/arm-gnu-toolchain/bin/../lib/gcc/arm-none-eabi/4.9.3/armv6-m/crtn.o
                0x000030a4                . = ALIGN (0x4)
                0x000030a4                __preinit_array_start = .
 *(.preinit_array)
                0x000030a4                __preinit_array_end = .
                0x000030a4                . = ALIGN (0x4)
                0x000030a4                __init_array_start = .
 *(SORT(.init_array.*))
 *(.init_array)
 .init_array    0x000030a4        0x4 e:/program/atmel/studio/7.0/toolchain/arm/arm-gnu-toolchain/bin/../lib/gcc/arm-none-eabi/4.9.3/armv6-m/crtbegin.o
                0x000030a8                __init_array_end = .
                0x000030a8                . = ALIGN (0x4)
 *crtbegin.o(.ctors)
 *(EXCLUDE_FILE(*crtend.o) .ctors)
 *(SORT(.ctors.*))
 *crtend.o(.ctors)
                0x000030a8                . = ALIGN (0x4)
 *(.fini)
 .fini          0x000030a8        0x4 e:/program/atmel/studio/7.0/toolchain/arm/arm-gnu-toolchain/bin/../lib/gcc/arm-none-eabi/4.9.3/armv6-m/crti.o
                0x000030a8                _fini
 .fini          0x000030ac        0x8 e:/program/atmel/studio/7.0/toolchain/arm/arm-gnu-toolchain/bin/../lib/gcc/arm-none-eabi/4.9.3/armv6-m/crtn.o
                0x000030b4                . = ALIGN (0x4)
                0x000030b4                __fini_array_start = .
 *(.fini_array)
 .fini_array    0x000030b4        0x4 e:/program/atmel/studio/7.0/toolchain/arm/arm-gnu-toolchain/bin/../lib/gcc/arm-none-eabi/4.9.3/armv6-m/crtbegin.o
 *(SORT(.fini_array.*))
                0x000030b8                __fini_array_end = .
 *crtbegin.o(.dtors)
 *(EXCLUDE_FILE(*crtend.o) .dtors)
 *(SORT(.dtors.*))
 *crtend.o(.dtors)
                0x000030b8                . = ALIGN (0x4)
                0x000030b8                _efixed = .
                0x000030b8                PROVIDE (__exidx_start, .)

.vfp11_veneer   0x000030b8        0x0
 .vfp11_veneer  0x00000000        0x0 linker stubs

.v4_bx          0x000030b8        0x0
 .v4_bx         0x00000000        0x0 linker stubs

.iplt           0x000030b8        0x0
 .iplt          0x00000000        0x0 e:/program/atmel/studio/7.0/toolchain/arm/arm-gnu-toolchain/bin/../lib/gcc/arm-none-eabi/4.9.3/armv6-m/crtbegin.o

.eh_frame       0x000030b8        0x0
 .eh_frame      0x000030b8        0x0 e:/program/atmel/studio/7.0/toolchain/arm/arm-gnu-toolchain/bin/../lib/gcc/arm-none-eabi/4.9.3/armv6-m/crtbegin.o

.rel.dyn        0x000030b8        0x0
 .rel.iplt      0x00000000        0x0 e:/program/atmel/studio/7.0/toolchain/arm/arm-gnu-toolchain/bin/../lib/gcc/arm-none-eabi/4.9.3/armv6-m/crtbegin.o

.jcr            0x000030b8        0x0
 .jcr           0x000030b8        0x0 e:/program/atmel/studio/7.0/toolchain/arm/arm-gnu-toolchain/bin/../lib/gcc/arm-none-eabi/4.9.3/armv6-m/crtbegin.o

.igot.plt       0x000030b8        0x0
 .igot.plt      0x00000000        0x0 e:/program/atmel/studio/7.0/toolchain/arm/arm-gnu-toolchain/bin/../lib/gcc/arm-none-eabi/4.9.3/armv6-m/crtbegin.o

.ARM.exidx
 *(.ARM.exidx* .gnu.linkonce.armexidx.*)
                0x000030b8                PROVIDE (__exidx_end, .)
                0x000030b8                . = ALIGN (0x4)
                0x000030b8                _etext = .

.relocate       0x20000000       0x9c load address 0x000030b8
                0x20000000                . = ALIGN (0x4)
                0x20000000                _srelocate = .
 *(.ramfunc .ramfunc.*)
 *(.data .data.*)
 .data.CIPSERVER
                0x20000000       0x18 src/driver/esp8266/esp8266.o
                0x20000000                CIPSERVER
 .data.CIPMUX   0x20000018       0x10 src/driver/esp8266/esp8266.o
                0x20000018                CIPMUX
 .data.cycles_per_us
                0x20000028        0x4 src/ASF/common2/services/delay/sam0/systick_counter.o
 .data.cycles_per_ms
                0x2000002c        0x4 src/ASF/common2/services/delay/sam0/systick_counter.o
 .data.g_interrupt_enabled
                0x20000030        0x1 src/ASF/common/utils/interrupt/interrupt_sam_nvic.o
                0x20000030                g_interrupt_enabled
 *fill*         0x20000031        0x3 
 .data.__ctype_ptr__
                0x20000034        0x4 e:/program/atmel/studio/7.0/toolchain/arm/arm-gnu-toolchain/bin/../lib/gcc/arm-none-eabi/4.9.3/../../../../arm-none-eabi/lib/armv6-m\libc_nano.a(lib_a-ctype_.o)
                0x20000034                __ctype_ptr__
 .data.impure_data
                0x20000038       0x60 e:/program/atmel/studio/7.0/toolchain/arm/arm-gnu-toolchain/bin/../lib/gcc/arm-none-eabi/4.9.3/../../../../arm-none-eabi/lib/armv6-m\libc_nano.a(lib_a-impure.o)
 .data._impure_ptr
                0x20000098        0x4 e:/program/atmel/studio/7.0/toolchain/arm/arm-gnu-toolchain/bin/../lib/gcc/arm-none-eabi/4.9.3/../../../../arm-none-eabi/lib/armv6-m\libc_nano.a(lib_a-impure.o)
                0x20000098                _impure_ptr
                0x2000009c                . = ALIGN (0x4)
                0x2000009c                _erelocate = .

.bss            0x2000009c      0x128 load address 0x00003154
                0x2000009c                . = ALIGN (0x4)
                0x2000009c                _sbss = .
                0x2000009c                _szero = .
 *(.bss .bss.*)
 .bss           0x2000009c       0x1c e:/program/atmel/studio/7.0/toolchain/arm/arm-gnu-toolchain/bin/../lib/gcc/arm-none-eabi/4.9.3/armv6-m/crtbegin.o
 .bss.cpu_irq_critical_section_counter
                0x200000b8        0x4 src/ASF/common/utils/interrupt/interrupt_sam_nvic.o
 .bss.cpu_irq_prev_interrupt_state
                0x200000bc        0x1 src/ASF/common/utils/interrupt/interrupt_sam_nvic.o
 *fill*         0x200000bd        0x3 
 .bss._sercom_config
                0x200000c0        0x4 src/ASF/sam0/drivers/sercom/sercom.o
 .bss._handler_table_initialized
                0x200000c4        0x1 src/ASF/sam0/drivers/sercom/sercom_interrupt.o
 *fill*         0x200000c5        0x3 
 .bss._sercom_interrupt_handlers
                0x200000c8       0x18 src/ASF/sam0/drivers/sercom/sercom_interrupt.o
 .bss._system_clock_inst
                0x200000e0       0x18 src/ASF/sam0/drivers/system/clock/clock_samd21_r21_da/clock.o
 .bss.heap.5199
                0x200000f8        0x4 src/ASF/sam0/utils/syscalls/gcc/syscalls.o
 .bss.issuc     0x200000fc        0x4 src/main.o
                0x200000fc                issuc
 .bss.mq2_init_value
                0x20000100        0x1 src/main.o
 .bss.mq7_init_value
                0x20000101        0x1 src/main.o
 *fill*         0x20000102        0x2 
 .bss.__malloc_sbrk_start
                0x20000104        0x4 e:/program/atmel/studio/7.0/toolchain/arm/arm-gnu-toolchain/bin/../lib/gcc/arm-none-eabi/4.9.3/../../../../arm-none-eabi/lib/armv6-m\libc_nano.a(lib_a-nano-mallocr.o)
                0x20000104                __malloc_sbrk_start
 .bss.__malloc_free_list
                0x20000108        0x4 e:/program/atmel/studio/7.0/toolchain/arm/arm-gnu-toolchain/bin/../lib/gcc/arm-none-eabi/4.9.3/../../../../arm-none-eabi/lib/armv6-m\libc_nano.a(lib_a-nano-mallocr.o)
                0x20000108                __malloc_free_list
 *(COMMON)
 COMMON         0x2000010c       0x18 src/driver/dht11/dht11.o
                0x2000010c                U8checkdata
                0x2000010d                U8T_data_H
                0x2000010e                U8T_data_H_temp
                0x2000010f                U8RH_data_L
                0x20000110                U8checkdata_temp
                0x20000114                pini
                0x20000117                U8T_data_L
                0x20000118                U8comdata
                0x20000119                U8RH_data_H
                0x2000011c                pinc
                0x2000011f                U8Temp
                0x20000120                U8T_data_L_temp
                0x20000121                U8RH_data_L_temp
                0x20000122                U8FLAG
                0x20000123                U8RH_data_H_temp
 COMMON         0x20000124        0x8 src/driver/mq/mq.o
                0x20000124                adc_instance
 COMMON         0x2000012c       0x18 src/ASF/sam0/drivers/sercom/sercom_interrupt.o
                0x2000012c                _sercom_instances
 COMMON         0x20000144       0x7c src/main.o
                0x20000144                hum
                0x20000148                usart_instance
                0x2000017c                ch4
                0x20000180                tem
                0x20000184                num
                0x20000188                co
                0x2000018c                usart_inst1
 COMMON         0x200001c0        0x4 e:/program/atmel/studio/7.0/toolchain/arm/arm-gnu-toolchain/bin/../lib/gcc/arm-none-eabi/4.9.3/../../../../arm-none-eabi/lib/armv6-m\libc_nano.a(lib_a-reent.o)
                0x200001c0                errno
                0x200001c4                . = ALIGN (0x4)
                0x200001c4                _ebss = .
                0x200001c4                _ezero = .

.stack          0x200001c4     0x2004 load address 0x0000327c
                0x200001c8                . = ALIGN (0x8)
 *fill*         0x200001c4        0x4 
                0x200001c8                _sstack = .
                0x200021c8                . = (. + STACK_SIZE)
 *fill*         0x200001c8     0x2000 
                0x200021c8                . = ALIGN (0x8)
                0x200021c8                _estack = .
                0x200021c8                . = ALIGN (0x4)
                0x200021c8                _end = .
OUTPUT(Multifrt.elf elf32-littlearm)

.ARM.attributes
                0x00000000       0x28
 .ARM.attributes
                0x00000000       0x1e e:/program/atmel/studio/7.0/toolchain/arm/arm-gnu-toolchain/bin/../lib/gcc/arm-none-eabi/4.9.3/armv6-m/crti.o
 .ARM.attributes
                0x0000001e       0x2c e:/program/atmel/studio/7.0/toolchain/arm/arm-gnu-toolchain/bin/../lib/gcc/arm-none-eabi/4.9.3/armv6-m/crtbegin.o
 .ARM.attributes
                0x0000004a       0x32 src/ASF/sam0/drivers/adc/adc_sam_d_r/adc.o
 .ARM.attributes
                0x0000007c       0x32 src/driver/dht11/dht11.o
 .ARM.attributes
                0x000000ae       0x32 src/driver/esp8266/esp8266.o
 .ARM.attributes
                0x000000e0       0x32 src/driver/mq/mq.o
 .ARM.attributes
                0x00000112       0x32 src/ASF/common2/services/delay/sam0/systick_counter.o
 .ARM.attributes
                0x00000144       0x32 src/ASF/common/utils/interrupt/interrupt_sam_nvic.o
 .ARM.attributes
                0x00000176       0x32 src/ASF/sam0/boards/samd21_xplained_pro/board_init.o
 .ARM.attributes
                0x000001a8       0x32 src/ASF/sam0/drivers/port/port.o
 .ARM.attributes
                0x000001da       0x32 src/ASF/sam0/drivers/sercom/sercom.o
 .ARM.attributes
                0x0000020c       0x32 src/ASF/sam0/drivers/sercom/sercom_interrupt.o
 .ARM.attributes
                0x0000023e       0x32 src/ASF/sam0/drivers/sercom/usart/usart.o
 .ARM.attributes
                0x00000270       0x32 src/ASF/sam0/drivers/sercom/usart/usart_interrupt.o
 .ARM.attributes
                0x000002a2       0x32 src/ASF/sam0/drivers/system/clock/clock_samd21_r21_da/clock.o
 .ARM.attributes
                0x000002d4       0x32 src/ASF/sam0/drivers/system/clock/clock_samd21_r21_da/gclk.o
 .ARM.attributes
                0x00000306       0x32 src/ASF/sam0/drivers/system/pinmux/pinmux.o
 .ARM.attributes
                0x00000338       0x32 src/ASF/sam0/drivers/system/system.o
 .ARM.attributes
                0x0000036a       0x32 src/ASF/sam0/utils/cmsis/samd21/source/gcc/startup_samd21.o
 .ARM.attributes
                0x0000039c       0x32 src/ASF/sam0/utils/syscalls/gcc/syscalls.o
 .ARM.attributes
                0x000003ce       0x32 src/main.o
 .ARM.attributes
                0x00000400       0x1e e:/program/atmel/studio/7.0/toolchain/arm/arm-gnu-toolchain/bin/../lib/gcc/arm-none-eabi/4.9.3/armv6-m\libgcc.a(_udivsi3.o)
 .ARM.attributes
                0x0000041e       0x1e e:/program/atmel/studio/7.0/toolchain/arm/arm-gnu-toolchain/bin/../lib/gcc/arm-none-eabi/4.9.3/armv6-m\libgcc.a(_divsi3.o)
 .ARM.attributes
                0x0000043c       0x1e e:/program/atmel/studio/7.0/toolchain/arm/arm-gnu-toolchain/bin/../lib/gcc/arm-none-eabi/4.9.3/armv6-m\libgcc.a(_dvmd_tls.o)
 .ARM.attributes
                0x0000045a       0x2c e:/program/atmel/studio/7.0/toolchain/arm/arm-gnu-toolchain/bin/../lib/gcc/arm-none-eabi/4.9.3/armv6-m\libgcc.a(_muldi3.o)
 .ARM.attributes
                0x00000486       0x2c e:/program/atmel/studio/7.0/toolchain/arm/arm-gnu-toolchain/bin/../lib/gcc/arm-none-eabi/4.9.3/../../../../arm-none-eabi/lib/armv6-m\libc_nano.a(lib_a-ctype_.o)
 .ARM.attributes
                0x000004b2       0x2c e:/program/atmel/studio/7.0/toolchain/arm/arm-gnu-toolchain/bin/../lib/gcc/arm-none-eabi/4.9.3/../../../../arm-none-eabi/lib/armv6-m\libc_nano.a(lib_a-impure.o)
 .ARM.attributes
                0x000004de       0x2c e:/program/atmel/studio/7.0/toolchain/arm/arm-gnu-toolchain/bin/../lib/gcc/arm-none-eabi/4.9.3/../../../../arm-none-eabi/lib/armv6-m\libc_nano.a(lib_a-init.o)
 .ARM.attributes
                0x0000050a       0x2c e:/program/atmel/studio/7.0/toolchain/arm/arm-gnu-toolchain/bin/../lib/gcc/arm-none-eabi/4.9.3/../../../../arm-none-eabi/lib/armv6-m\libc_nano.a(lib_a-memcpy.o)
 .ARM.attributes
                0x00000536       0x2c e:/program/atmel/studio/7.0/toolchain/arm/arm-gnu-toolchain/bin/../lib/gcc/arm-none-eabi/4.9.3/../../../../arm-none-eabi/lib/armv6-m\libc_nano.a(lib_a-sprintf.o)
 .ARM.attributes
                0x00000562       0x2c e:/program/atmel/studio/7.0/toolchain/arm/arm-gnu-toolchain/bin/../lib/gcc/arm-none-eabi/4.9.3/../../../../arm-none-eabi/lib/armv6-m\libc_nano.a(lib_a-findfp.o)
 .ARM.attributes
                0x0000058e       0x2c e:/program/atmel/studio/7.0/toolchain/arm/arm-gnu-toolchain/bin/../lib/gcc/arm-none-eabi/4.9.3/../../../../arm-none-eabi/lib/armv6-m\libc_nano.a(lib_a-nano-mallocr.o)
 .ARM.attributes
                0x000005ba       0x2c e:/program/atmel/studio/7.0/toolchain/arm/arm-gnu-toolchain/bin/../lib/gcc/arm-none-eabi/4.9.3/../../../../arm-none-eabi/lib/armv6-m\libc_nano.a(lib_a-nano-svfprintf.o)
 .ARM.attributes
                0x000005e6       0x2c e:/program/atmel/studio/7.0/toolchain/arm/arm-gnu-toolchain/bin/../lib/gcc/arm-none-eabi/4.9.3/../../../../arm-none-eabi/lib/armv6-m\libc_nano.a(lib_a-nano-vfprintf_i.o)
 .ARM.attributes
                0x00000612       0x2c e:/program/atmel/studio/7.0/toolchain/arm/arm-gnu-toolchain/bin/../lib/gcc/arm-none-eabi/4.9.3/../../../../arm-none-eabi/lib/armv6-m\libc_nano.a(lib_a-sbrkr.o)
 .ARM.attributes
                0x0000063e       0x2c e:/program/atmel/studio/7.0/toolchain/arm/arm-gnu-toolchain/bin/../lib/gcc/arm-none-eabi/4.9.3/../../../../arm-none-eabi/lib/armv6-m\libc_nano.a(lib_a-memchr.o)
 .ARM.attributes
                0x0000066a       0x2c e:/program/atmel/studio/7.0/toolchain/arm/arm-gnu-toolchain/bin/../lib/gcc/arm-none-eabi/4.9.3/../../../../arm-none-eabi/lib/armv6-m\libc_nano.a(lib_a-memmove.o)
 .ARM.attributes
                0x00000696       0x2c e:/program/atmel/studio/7.0/toolchain/arm/arm-gnu-toolchain/bin/../lib/gcc/arm-none-eabi/4.9.3/../../../../arm-none-eabi/lib/armv6-m\libc_nano.a(lib_a-nano-freer.o)
 .ARM.attributes
                0x000006c2       0x2c e:/program/atmel/studio/7.0/toolchain/arm/arm-gnu-toolchain/bin/../lib/gcc/arm-none-eabi/4.9.3/../../../../arm-none-eabi/lib/armv6-m\libc_nano.a(lib_a-nano-reallocr.o)
 .ARM.attributes
                0x000006ee       0x2c e:/program/atmel/studio/7.0/toolchain/arm/arm-gnu-toolchain/bin/../lib/gcc/arm-none-eabi/4.9.3/../../../../arm-none-eabi/lib/armv6-m\libc_nano.a(lib_a-reent.o)
 .ARM.attributes
                0x0000071a       0x2c e:/program/atmel/studio/7.0/toolchain/arm/arm-gnu-toolchain/bin/../lib/gcc/arm-none-eabi/4.9.3/../../../../arm-none-eabi/lib/armv6-m\libc_nano.a(lib_a-nano-msizer.o)
 .ARM.attributes
                0x00000746       0x1e e:/program/atmel/studio/7.0/toolchain/arm/arm-gnu-toolchain/bin/../lib/gcc/arm-none-eabi/4.9.3/armv6-m/crtn.o

.comment        0x00000000       0x5b
 .comment       0x00000000       0x5b src/ASF/sam0/drivers/adc/adc_sam_d_r/adc.o
                                 0x5c (size before relaxing)
 .comment       0x00000000       0x5c src/driver/dht11/dht11.o
 .comment       0x00000000       0x5c src/driver/esp8266/esp8266.o
 .comment       0x00000000       0x5c src/driver/mq/mq.o
 .comment       0x00000000       0x5c src/ASF/common2/services/delay/sam0/systick_counter.o
 .comment       0x00000000       0x5c src/ASF/common/utils/interrupt/interrupt_sam_nvic.o
 .comment       0x00000000       0x5c src/ASF/sam0/boards/samd21_xplained_pro/board_init.o
 .comment       0x00000000       0x5c src/ASF/sam0/drivers/port/port.o
 .comment       0x00000000       0x5c src/ASF/sam0/drivers/sercom/sercom.o
 .comment       0x00000000       0x5c src/ASF/sam0/drivers/sercom/sercom_interrupt.o
 .comment       0x00000000       0x5c src/ASF/sam0/drivers/sercom/usart/usart.o
 .comment       0x00000000       0x5c src/ASF/sam0/drivers/sercom/usart/usart_interrupt.o
 .comment       0x00000000       0x5c src/ASF/sam0/drivers/system/clock/clock_samd21_r21_da/clock.o
 .comment       0x00000000       0x5c src/ASF/sam0/drivers/system/clock/clock_samd21_r21_da/gclk.o
 .comment       0x00000000       0x5c src/ASF/sam0/drivers/system/pinmux/pinmux.o
 .comment       0x00000000       0x5c src/ASF/sam0/drivers/system/system.o
 .comment       0x00000000       0x5c src/ASF/sam0/utils/cmsis/samd21/source/gcc/startup_samd21.o
 .comment       0x00000000       0x5c src/ASF/sam0/utils/syscalls/gcc/syscalls.o
 .comment       0x00000000       0x5c src/main.o

.debug_info     0x00000000    0x20cf4
 .debug_info    0x00000000     0x33e2 src/ASF/sam0/drivers/adc/adc_sam_d_r/adc.o
 .debug_info    0x000033e2      0xd1b src/driver/dht11/dht11.o
 .debug_info    0x000040fd     0x23a2 src/driver/esp8266/esp8266.o
 .debug_info    0x0000649f     0x16e4 src/driver/mq/mq.o
 .debug_info    0x00007b83      0x269 src/ASF/common2/services/delay/sam0/systick_counter.o
 .debug_info    0x00007dec      0x1ec src/ASF/common/utils/interrupt/interrupt_sam_nvic.o
 .debug_info    0x00007fd8      0x970 src/ASF/sam0/boards/samd21_xplained_pro/board_init.o
 .debug_info    0x00008948      0x968 src/ASF/sam0/drivers/port/port.o
 .debug_info    0x000092b0     0x2543 src/ASF/sam0/drivers/sercom/sercom.o
 .debug_info    0x0000b7f3     0x2335 src/ASF/sam0/drivers/sercom/sercom_interrupt.o
 .debug_info    0x0000db28     0x4142 src/ASF/sam0/drivers/sercom/usart/usart.o
 .debug_info    0x00011c6a     0x277b src/ASF/sam0/drivers/sercom/usart/usart_interrupt.o
 .debug_info    0x000143e5     0x2d8d src/ASF/sam0/drivers/system/clock/clock_samd21_r21_da/clock.o
 .debug_info    0x00017172     0x1556 src/ASF/sam0/drivers/system/clock/clock_samd21_r21_da/gclk.o
 .debug_info    0x000186c8      0xa47 src/ASF/sam0/drivers/system/pinmux/pinmux.o
 .debug_info    0x0001910f      0x16f src/ASF/sam0/drivers/system/system.o
 .debug_info    0x0001927e     0x3a6d src/ASF/sam0/utils/cmsis/samd21/source/gcc/startup_samd21.o
 .debug_info    0x0001cceb      0x427 src/ASF/sam0/utils/syscalls/gcc/syscalls.o
 .debug_info    0x0001d112     0x3be2 src/main.o

.debug_abbrev   0x00000000     0x2e97
 .debug_abbrev  0x00000000      0x3a1 src/ASF/sam0/drivers/adc/adc_sam_d_r/adc.o
 .debug_abbrev  0x000003a1      0x2d4 src/driver/dht11/dht11.o
 .debug_abbrev  0x00000675      0x1ea src/driver/esp8266/esp8266.o
 .debug_abbrev  0x0000085f      0x2d2 src/driver/mq/mq.o
 .debug_abbrev  0x00000b31      0x13c src/ASF/common2/services/delay/sam0/systick_counter.o
 .debug_abbrev  0x00000c6d       0xf6 src/ASF/common/utils/interrupt/interrupt_sam_nvic.o
 .debug_abbrev  0x00000d63      0x22b src/ASF/sam0/boards/samd21_xplained_pro/board_init.o
 .debug_abbrev  0x00000f8e      0x1da src/ASF/sam0/drivers/port/port.o
 .debug_abbrev  0x00001168      0x2fd src/ASF/sam0/drivers/sercom/sercom.o
 .debug_abbrev  0x00001465      0x22c src/ASF/sam0/drivers/sercom/sercom_interrupt.o
 .debug_abbrev  0x00001691      0x3d7 src/ASF/sam0/drivers/sercom/usart/usart.o
 .debug_abbrev  0x00001a68      0x37b src/ASF/sam0/drivers/sercom/usart/usart_interrupt.o
 .debug_abbrev  0x00001de3      0x3ba src/ASF/sam0/drivers/system/clock/clock_samd21_r21_da/clock.o
 .debug_abbrev  0x0000219d      0x327 src/ASF/sam0/drivers/system/clock/clock_samd21_r21_da/gclk.o
 .debug_abbrev  0x000024c4      0x287 src/ASF/sam0/drivers/system/pinmux/pinmux.o
 .debug_abbrev  0x0000274b       0xb9 src/ASF/sam0/drivers/system/system.o
 .debug_abbrev  0x00002804      0x211 src/ASF/sam0/utils/cmsis/samd21/source/gcc/startup_samd21.o
 .debug_abbrev  0x00002a15      0x141 src/ASF/sam0/utils/syscalls/gcc/syscalls.o
 .debug_abbrev  0x00002b56      0x341 src/main.o

.debug_loc      0x00000000     0x46a4
 .debug_loc     0x00000000      0x771 src/ASF/sam0/drivers/adc/adc_sam_d_r/adc.o
 .debug_loc     0x00000771      0x185 src/driver/dht11/dht11.o
 .debug_loc     0x000008f6       0x62 src/driver/esp8266/esp8266.o
 .debug_loc     0x00000958      0x2a6 src/driver/mq/mq.o
 .debug_loc     0x00000bfe       0xe4 src/ASF/common2/services/delay/sam0/systick_counter.o
 .debug_loc     0x00000ce2       0x1e src/ASF/common/utils/interrupt/interrupt_sam_nvic.o
 .debug_loc     0x00000d00       0x59 src/ASF/sam0/boards/samd21_xplained_pro/board_init.o
 .debug_loc     0x00000d59      0x16d src/ASF/sam0/drivers/port/port.o
 .debug_loc     0x00000ec6      0x982 src/ASF/sam0/drivers/sercom/sercom.o
 .debug_loc     0x00001848      0x16c src/ASF/sam0/drivers/sercom/sercom_interrupt.o
 .debug_loc     0x000019b4      0xbd7 src/ASF/sam0/drivers/sercom/usart/usart.o
 .debug_loc     0x0000258b      0x589 src/ASF/sam0/drivers/sercom/usart/usart_interrupt.o
 .debug_loc     0x00002b14      0xf07 src/ASF/sam0/drivers/system/clock/clock_samd21_r21_da/clock.o
 .debug_loc     0x00003a1b      0x51e src/ASF/sam0/drivers/system/clock/clock_samd21_r21_da/gclk.o
 .debug_loc     0x00003f39      0x32f src/ASF/sam0/drivers/system/pinmux/pinmux.o
 .debug_loc     0x00004268       0x20 src/ASF/sam0/drivers/system/system.o
 .debug_loc     0x00004288       0x20 src/ASF/sam0/utils/cmsis/samd21/source/gcc/startup_samd21.o
 .debug_loc     0x000042a8      0x11d src/ASF/sam0/utils/syscalls/gcc/syscalls.o
 .debug_loc     0x000043c5      0x2df src/main.o

.debug_aranges  0x00000000      0x4c8
 .debug_aranges
                0x00000000       0x38 src/ASF/sam0/drivers/adc/adc_sam_d_r/adc.o
 .debug_aranges
                0x00000038       0x30 src/driver/dht11/dht11.o
 .debug_aranges
                0x00000068       0x20 src/driver/esp8266/esp8266.o
 .debug_aranges
                0x00000088       0x30 src/driver/mq/mq.o
 .debug_aranges
                0x000000b8       0x30 src/ASF/common2/services/delay/sam0/systick_counter.o
 .debug_aranges
                0x000000e8       0x28 src/ASF/common/utils/interrupt/interrupt_sam_nvic.o
 .debug_aranges
                0x00000110       0x20 src/ASF/sam0/boards/samd21_xplained_pro/board_init.o
 .debug_aranges
                0x00000130       0x28 src/ASF/sam0/drivers/port/port.o
 .debug_aranges
                0x00000158       0x40 src/ASF/sam0/drivers/sercom/sercom.o
 .debug_aranges
                0x00000198       0x60 src/ASF/sam0/drivers/sercom/sercom_interrupt.o
 .debug_aranges
                0x000001f8       0x40 src/ASF/sam0/drivers/sercom/usart/usart.o
 .debug_aranges
                0x00000238       0x70 src/ASF/sam0/drivers/sercom/usart/usart_interrupt.o
 .debug_aranges
                0x000002a8       0x78 src/ASF/sam0/drivers/system/clock/clock_samd21_r21_da/clock.o
 .debug_aranges
                0x00000320       0x80 src/ASF/sam0/drivers/system/clock/clock_samd21_r21_da/gclk.o
 .debug_aranges
                0x000003a0       0x38 src/ASF/sam0/drivers/system/pinmux/pinmux.o
 .debug_aranges
                0x000003d8       0x28 src/ASF/sam0/drivers/system/system.o
 .debug_aranges
                0x00000400       0x28 src/ASF/sam0/utils/cmsis/samd21/source/gcc/startup_samd21.o
 .debug_aranges
                0x00000428       0x60 src/ASF/sam0/utils/syscalls/gcc/syscalls.o
 .debug_aranges
                0x00000488       0x40 src/main.o

.debug_ranges   0x00000000      0x508
 .debug_ranges  0x00000000       0x70 src/ASF/sam0/drivers/adc/adc_sam_d_r/adc.o
 .debug_ranges  0x00000070       0x38 src/driver/dht11/dht11.o
 .debug_ranges  0x000000a8       0x10 src/driver/esp8266/esp8266.o
 .debug_ranges  0x000000b8       0x20 src/driver/mq/mq.o
 .debug_ranges  0x000000d8       0x50 src/ASF/common2/services/delay/sam0/systick_counter.o
 .debug_ranges  0x00000128       0x18 src/ASF/common/utils/interrupt/interrupt_sam_nvic.o
 .debug_ranges  0x00000140       0x10 src/ASF/sam0/boards/samd21_xplained_pro/board_init.o
 .debug_ranges  0x00000150       0x18 src/ASF/sam0/drivers/port/port.o
 .debug_ranges  0x00000168       0x48 src/ASF/sam0/drivers/sercom/sercom.o
 .debug_ranges  0x000001b0       0x50 src/ASF/sam0/drivers/sercom/sercom_interrupt.o
 .debug_ranges  0x00000200       0xf8 src/ASF/sam0/drivers/sercom/usart/usart.o
 .debug_ranges  0x000002f8       0x60 src/ASF/sam0/drivers/sercom/usart/usart_interrupt.o
 .debug_ranges  0x00000358       0x68 src/ASF/sam0/drivers/system/clock/clock_samd21_r21_da/clock.o
 .debug_ranges  0x000003c0       0x70 src/ASF/sam0/drivers/system/clock/clock_samd21_r21_da/gclk.o
 .debug_ranges  0x00000430       0x28 src/ASF/sam0/drivers/system/pinmux/pinmux.o
 .debug_ranges  0x00000458       0x18 src/ASF/sam0/drivers/system/system.o
 .debug_ranges  0x00000470       0x18 src/ASF/sam0/utils/cmsis/samd21/source/gcc/startup_samd21.o
 .debug_ranges  0x00000488       0x50 src/ASF/sam0/utils/syscalls/gcc/syscalls.o
 .debug_ranges  0x000004d8       0x30 src/main.o

.debug_macro    0x00000000    0x1a87c
 .debug_macro   0x00000000      0x4ee src/ASF/sam0/drivers/adc/adc_sam_d_r/adc.o
 .debug_macro   0x000004ee      0x856 src/ASF/sam0/drivers/adc/adc_sam_d_r/adc.o
 .debug_macro   0x00000d44      0x166 src/ASF/sam0/drivers/adc/adc_sam_d_r/adc.o
 .debug_macro   0x00000eaa      0x517 src/ASF/sam0/drivers/adc/adc_sam_d_r/adc.o
 .debug_macro   0x000013c1       0x22 src/ASF/sam0/drivers/adc/adc_sam_d_r/adc.o
 .debug_macro   0x000013e3       0x44 src/ASF/sam0/drivers/adc/adc_sam_d_r/adc.o
 .debug_macro   0x00001427       0x1c src/ASF/sam0/drivers/adc/adc_sam_d_r/adc.o
 .debug_macro   0x00001443      0x1f7 src/ASF/sam0/drivers/adc/adc_sam_d_r/adc.o
 .debug_macro   0x0000163a       0x10 src/ASF/sam0/drivers/adc/adc_sam_d_r/adc.o
 .debug_macro   0x0000164a       0x76 src/ASF/sam0/drivers/adc/adc_sam_d_r/adc.o
 .debug_macro   0x000016c0       0x16 src/ASF/sam0/drivers/adc/adc_sam_d_r/adc.o
 .debug_macro   0x000016d6      0x6e5 src/ASF/sam0/drivers/adc/adc_sam_d_r/adc.o
 .debug_macro   0x00001dbb      0xde2 src/ASF/sam0/drivers/adc/adc_sam_d_r/adc.o
 .debug_macro   0x00002b9d       0x22 src/ASF/sam0/drivers/adc/adc_sam_d_r/adc.o
 .debug_macro   0x00002bbf       0x40 src/ASF/sam0/drivers/adc/adc_sam_d_r/adc.o
 .debug_macro   0x00002bff       0x3a src/ASF/sam0/drivers/adc/adc_sam_d_r/adc.o
 .debug_macro   0x00002c39       0x1f src/ASF/sam0/drivers/adc/adc_sam_d_r/adc.o
 .debug_macro   0x00002c58      0x250 src/ASF/sam0/drivers/adc/adc_sam_d_r/adc.o
 .debug_macro   0x00002ea8      0x682 src/ASF/sam0/drivers/adc/adc_sam_d_r/adc.o
 .debug_macro   0x0000352a      0x8c1 src/ASF/sam0/drivers/adc/adc_sam_d_r/adc.o
 .debug_macro   0x00003deb      0x235 src/ASF/sam0/drivers/adc/adc_sam_d_r/adc.o
 .debug_macro   0x00004020      0xd66 src/ASF/sam0/drivers/adc/adc_sam_d_r/adc.o
 .debug_macro   0x00004d86      0x4ce src/ASF/sam0/drivers/adc/adc_sam_d_r/adc.o
 .debug_macro   0x00005254      0x9fb src/ASF/sam0/drivers/adc/adc_sam_d_r/adc.o
 .debug_macro   0x00005c4f      0x82e src/ASF/sam0/drivers/adc/adc_sam_d_r/adc.o
 .debug_macro   0x0000647d      0x462 src/ASF/sam0/drivers/adc/adc_sam_d_r/adc.o
 .debug_macro   0x000068df       0x5e src/ASF/sam0/drivers/adc/adc_sam_d_r/adc.o
 .debug_macro   0x0000693d      0x907 src/ASF/sam0/drivers/adc/adc_sam_d_r/adc.o
 .debug_macro   0x00007244      0x226 src/ASF/sam0/drivers/adc/adc_sam_d_r/adc.o
 .debug_macro   0x0000746a      0x95c src/ASF/sam0/drivers/adc/adc_sam_d_r/adc.o
 .debug_macro   0x00007dc6       0x5e src/ASF/sam0/drivers/adc/adc_sam_d_r/adc.o
 .debug_macro   0x00007e24      0x682 src/ASF/sam0/drivers/adc/adc_sam_d_r/adc.o
 .debug_macro   0x000084a6      0x3b8 src/ASF/sam0/drivers/adc/adc_sam_d_r/adc.o
 .debug_macro   0x0000885e      0xc55 src/ASF/sam0/drivers/adc/adc_sam_d_r/adc.o
 .debug_macro   0x000094b3     0x1093 src/ASF/sam0/drivers/adc/adc_sam_d_r/adc.o
 .debug_macro   0x0000a546      0xc4a src/ASF/sam0/drivers/adc/adc_sam_d_r/adc.o
 .debug_macro   0x0000b190      0x6c2 src/ASF/sam0/drivers/adc/adc_sam_d_r/adc.o
 .debug_macro   0x0000b852     0x1b4e src/ASF/sam0/drivers/adc/adc_sam_d_r/adc.o
 .debug_macro   0x0000d3a0     0x144d src/ASF/sam0/drivers/adc/adc_sam_d_r/adc.o
 .debug_macro   0x0000e7ed      0x351 src/ASF/sam0/drivers/adc/adc_sam_d_r/adc.o
 .debug_macro   0x0000eb3e       0x7c src/ASF/sam0/drivers/adc/adc_sam_d_r/adc.o
 .debug_macro   0x0000ebba       0xa0 src/ASF/sam0/drivers/adc/adc_sam_d_r/adc.o
 .debug_macro   0x0000ec5a       0x4c src/ASF/sam0/drivers/adc/adc_sam_d_r/adc.o
 .debug_macro   0x0000eca6       0xca src/ASF/sam0/drivers/adc/adc_sam_d_r/adc.o
 .debug_macro   0x0000ed70       0x94 src/ASF/sam0/drivers/adc/adc_sam_d_r/adc.o
 .debug_macro   0x0000ee04       0x58 src/ASF/sam0/drivers/adc/adc_sam_d_r/adc.o
 .debug_macro   0x0000ee5c      0x38a src/ASF/sam0/drivers/adc/adc_sam_d_r/adc.o
 .debug_macro   0x0000f1e6       0x82 src/ASF/sam0/drivers/adc/adc_sam_d_r/adc.o
 .debug_macro   0x0000f268      0x19a src/ASF/sam0/drivers/adc/adc_sam_d_r/adc.o
 .debug_macro   0x0000f402       0xb8 src/ASF/sam0/drivers/adc/adc_sam_d_r/adc.o
 .debug_macro   0x0000f4ba       0xa0 src/ASF/sam0/drivers/adc/adc_sam_d_r/adc.o
 .debug_macro   0x0000f55a       0xbe src/ASF/sam0/drivers/adc/adc_sam_d_r/adc.o
 .debug_macro   0x0000f618       0x1c src/ASF/sam0/drivers/adc/adc_sam_d_r/adc.o
 .debug_macro   0x0000f634       0x1c src/ASF/sam0/drivers/adc/adc_sam_d_r/adc.o
 .debug_macro   0x0000f650       0x1c src/ASF/sam0/drivers/adc/adc_sam_d_r/adc.o
 .debug_macro   0x0000f66c       0x82 src/ASF/sam0/drivers/adc/adc_sam_d_r/adc.o
 .debug_macro   0x0000f6ee      0x164 src/ASF/sam0/drivers/adc/adc_sam_d_r/adc.o
 .debug_macro   0x0000f852       0xdc src/ASF/sam0/drivers/adc/adc_sam_d_r/adc.o
 .debug_macro   0x0000f92e      0x132 src/ASF/sam0/drivers/adc/adc_sam_d_r/adc.o
 .debug_macro   0x0000fa60      0x132 src/ASF/sam0/drivers/adc/adc_sam_d_r/adc.o
 .debug_macro   0x0000fb92      0x132 src/ASF/sam0/drivers/adc/adc_sam_d_r/adc.o
 .debug_macro   0x0000fcc4      0x132 src/ASF/sam0/drivers/adc/adc_sam_d_r/adc.o
 .debug_macro   0x0000fdf6      0x132 src/ASF/sam0/drivers/adc/adc_sam_d_r/adc.o
 .debug_macro   0x0000ff28      0x132 src/ASF/sam0/drivers/adc/adc_sam_d_r/adc.o
 .debug_macro   0x0001005a      0x11e src/ASF/sam0/drivers/adc/adc_sam_d_r/adc.o
 .debug_macro   0x00010178       0xe2 src/ASF/sam0/drivers/adc/adc_sam_d_r/adc.o
 .debug_macro   0x0001025a       0xe2 src/ASF/sam0/drivers/adc/adc_sam_d_r/adc.o
 .debug_macro   0x0001033c       0xe2 src/ASF/sam0/drivers/adc/adc_sam_d_r/adc.o
 .debug_macro   0x0001041e       0xe2 src/ASF/sam0/drivers/adc/adc_sam_d_r/adc.o
 .debug_macro   0x00010500       0xe2 src/ASF/sam0/drivers/adc/adc_sam_d_r/adc.o
 .debug_macro   0x000105e2      0x136 src/ASF/sam0/drivers/adc/adc_sam_d_r/adc.o
 .debug_macro   0x00010718      0x106 src/ASF/sam0/drivers/adc/adc_sam_d_r/adc.o
 .debug_macro   0x0001081e       0xfa src/ASF/sam0/drivers/adc/adc_sam_d_r/adc.o
 .debug_macro   0x00010918      0x40f src/ASF/sam0/drivers/adc/adc_sam_d_r/adc.o
 .debug_macro   0x00010d27       0x40 src/ASF/sam0/drivers/adc/adc_sam_d_r/adc.o
 .debug_macro   0x00010d67      0x37d src/ASF/sam0/drivers/adc/adc_sam_d_r/adc.o
 .debug_macro   0x000110e4     0x1e5c src/ASF/sam0/drivers/adc/adc_sam_d_r/adc.o
 .debug_macro   0x00012f40       0x51 src/ASF/sam0/drivers/adc/adc_sam_d_r/adc.o
 .debug_macro   0x00012f91       0x58 src/ASF/sam0/drivers/adc/adc_sam_d_r/adc.o
 .debug_macro   0x00012fe9       0x35 src/ASF/sam0/drivers/adc/adc_sam_d_r/adc.o
 .debug_macro   0x0001301e       0x9c src/ASF/sam0/drivers/adc/adc_sam_d_r/adc.o
 .debug_macro   0x000130ba       0x16 src/ASF/sam0/drivers/adc/adc_sam_d_r/adc.o
 .debug_macro   0x000130d0       0x35 src/ASF/sam0/drivers/adc/adc_sam_d_r/adc.o
 .debug_macro   0x00013105      0x29d src/ASF/sam0/drivers/adc/adc_sam_d_r/adc.o
 .debug_macro   0x000133a2       0x10 src/ASF/sam0/drivers/adc/adc_sam_d_r/adc.o
 .debug_macro   0x000133b2       0x52 src/ASF/sam0/drivers/adc/adc_sam_d_r/adc.o
 .debug_macro   0x00013404       0x16 src/ASF/sam0/drivers/adc/adc_sam_d_r/adc.o
 .debug_macro   0x0001341a       0x43 src/ASF/sam0/drivers/adc/adc_sam_d_r/adc.o
 .debug_macro   0x0001345d      0x180 src/ASF/sam0/drivers/adc/adc_sam_d_r/adc.o
 .debug_macro   0x000135dd       0x10 src/ASF/sam0/drivers/adc/adc_sam_d_r/adc.o
 .debug_macro   0x000135ed       0x22 src/ASF/sam0/drivers/adc/adc_sam_d_r/adc.o
 .debug_macro   0x0001360f       0xbd src/ASF/sam0/drivers/adc/adc_sam_d_r/adc.o
 .debug_macro   0x000136cc       0x16 src/ASF/sam0/drivers/adc/adc_sam_d_r/adc.o
 .debug_macro   0x000136e2      0x196 src/ASF/sam0/drivers/adc/adc_sam_d_r/adc.o
 .debug_macro   0x00013878       0x16 src/ASF/sam0/drivers/adc/adc_sam_d_r/adc.o
 .debug_macro   0x0001388e       0x16 src/ASF/sam0/drivers/adc/adc_sam_d_r/adc.o
 .debug_macro   0x000138a4       0x29 src/ASF/sam0/drivers/adc/adc_sam_d_r/adc.o
 .debug_macro   0x000138cd       0x51 src/ASF/sam0/drivers/adc/adc_sam_d_r/adc.o
 .debug_macro   0x0001391e       0x3f src/ASF/sam0/drivers/adc/adc_sam_d_r/adc.o
 .debug_macro   0x0001395d      0x3df src/ASF/sam0/drivers/adc/adc_sam_d_r/adc.o
 .debug_macro   0x00013d3c       0x11 src/ASF/sam0/drivers/adc/adc_sam_d_r/adc.o
 .debug_macro   0x00013d4d       0x11 src/ASF/sam0/drivers/adc/adc_sam_d_r/adc.o
 .debug_macro   0x00013d5e       0x19 src/ASF/sam0/drivers/adc/adc_sam_d_r/adc.o
 .debug_macro   0x00013d77      0x594 src/driver/dht11/dht11.o
 .debug_macro   0x0001430b       0x10 src/driver/dht11/dht11.o
 .debug_macro   0x0001431b       0x1c src/driver/dht11/dht11.o
 .debug_macro   0x00014337       0x16 src/driver/dht11/dht11.o
 .debug_macro   0x0001434d      0x25d src/driver/dht11/dht11.o
 .debug_macro   0x000145aa      0x9f7 src/driver/dht11/dht11.o
 .debug_macro   0x00014fa1       0x18 src/driver/dht11/dht11.o
 .debug_macro   0x00014fb9       0x2e src/driver/dht11/dht11.o
 .debug_macro   0x00014fe7       0xb2 src/driver/dht11/dht11.o
 .debug_macro   0x00015099       0x10 src/driver/dht11/dht11.o
 .debug_macro   0x000150a9       0x57 src/driver/dht11/dht11.o
 .debug_macro   0x00015100      0x595 src/driver/esp8266/esp8266.o
 .debug_macro   0x00015695      0x594 src/driver/mq/mq.o
 .debug_macro   0x00015c29       0x16 src/driver/mq/mq.o
 .debug_macro   0x00015c3f      0x4c2 src/ASF/common2/services/delay/sam0/systick_counter.o
 .debug_macro   0x00016101       0x16 src/ASF/common2/services/delay/sam0/systick_counter.o
 .debug_macro   0x00016117      0x487 src/ASF/common/utils/interrupt/interrupt_sam_nvic.o
 .debug_macro   0x0001659e      0x4c3 src/ASF/sam0/boards/samd21_xplained_pro/board_init.o
 .debug_macro   0x00016a61       0x12 src/ASF/sam0/boards/samd21_xplained_pro/board_init.o
 .debug_macro   0x00016a73      0x4a1 src/ASF/sam0/drivers/port/port.o
 .debug_macro   0x00016f14      0x515 src/ASF/sam0/drivers/sercom/sercom.o
 .debug_macro   0x00017429      0x512 src/ASF/sam0/drivers/sercom/sercom_interrupt.o
 .debug_macro   0x0001793b      0x526 src/ASF/sam0/drivers/sercom/usart/usart.o
 .debug_macro   0x00017e61       0x51 src/ASF/sam0/drivers/sercom/usart/usart.o
 .debug_macro   0x00017eb2      0x526 src/ASF/sam0/drivers/sercom/usart/usart_interrupt.o
 .debug_macro   0x000183d8      0x4f9 src/ASF/sam0/drivers/system/clock/clock_samd21_r21_da/clock.o
 .debug_macro   0x000188d1      0x29d src/ASF/sam0/drivers/system/clock/clock_samd21_r21_da/clock.o
 .debug_macro   0x00018b6e      0x4bd src/ASF/sam0/drivers/system/clock/clock_samd21_r21_da/gclk.o
 .debug_macro   0x0001902b      0x499 src/ASF/sam0/drivers/system/pinmux/pinmux.o
 .debug_macro   0x000194c4      0x4cb src/ASF/sam0/drivers/system/system.o
 .debug_macro   0x0001998f      0x2e1 src/ASF/sam0/utils/cmsis/samd21/source/gcc/startup_samd21.o
 .debug_macro   0x00019c70       0x3a src/ASF/sam0/utils/cmsis/samd21/source/gcc/startup_samd21.o
 .debug_macro   0x00019caa      0x13c src/ASF/sam0/utils/syscalls/gcc/syscalls.o
 .debug_macro   0x00019de6       0x4a src/ASF/sam0/utils/syscalls/gcc/syscalls.o
 .debug_macro   0x00019e30       0x97 src/ASF/sam0/utils/syscalls/gcc/syscalls.o
 .debug_macro   0x00019ec7       0xef src/ASF/sam0/utils/syscalls/gcc/syscalls.o
 .debug_macro   0x00019fb6       0x52 src/ASF/sam0/utils/syscalls/gcc/syscalls.o
 .debug_macro   0x0001a008       0x16 src/ASF/sam0/utils/syscalls/gcc/syscalls.o
 .debug_macro   0x0001a01e       0x10 src/ASF/sam0/utils/syscalls/gcc/syscalls.o
 .debug_macro   0x0001a02e       0x41 src/ASF/sam0/utils/syscalls/gcc/syscalls.o
 .debug_macro   0x0001a06f      0x121 src/ASF/sam0/utils/syscalls/gcc/syscalls.o
 .debug_macro   0x0001a190      0x5de src/main.o
 .debug_macro   0x0001a76e       0x4c src/main.o
 .debug_macro   0x0001a7ba       0x16 src/main.o
 .debug_macro   0x0001a7d0       0xac src/main.o

.debug_line     0x00000000     0xc192
 .debug_line    0x00000000      0xbb2 src/ASF/sam0/drivers/adc/adc_sam_d_r/adc.o
 .debug_line    0x00000bb2      0xd25 src/driver/dht11/dht11.o
 .debug_line    0x000018d7      0xc1b src/driver/esp8266/esp8266.o
 .debug_line    0x000024f2      0xccb src/driver/mq/mq.o
 .debug_line    0x000031bd      0x90a src/ASF/common2/services/delay/sam0/systick_counter.o
 .debug_line    0x00003ac7      0x816 src/ASF/common/utils/interrupt/interrupt_sam_nvic.o
 .debug_line    0x000042dd      0x8bd src/ASF/sam0/boards/samd21_xplained_pro/board_init.o
 .debug_line    0x00004b9a      0x842 src/ASF/sam0/drivers/port/port.o
 .debug_line    0x000053dc      0xb0f src/ASF/sam0/drivers/sercom/sercom.o
 .debug_line    0x00005eeb      0xab7 src/ASF/sam0/drivers/sercom/sercom_interrupt.o
 .debug_line    0x000069a2      0xc4e src/ASF/sam0/drivers/sercom/usart/usart.o
 .debug_line    0x000075f0      0xbd3 src/ASF/sam0/drivers/sercom/usart/usart_interrupt.o
 .debug_line    0x000081c3      0xb75 src/ASF/sam0/drivers/system/clock/clock_samd21_r21_da/clock.o
 .debug_line    0x00008d38      0xbbb src/ASF/sam0/drivers/system/clock/clock_samd21_r21_da/gclk.o
 .debug_line    0x000098f3      0x868 src/ASF/sam0/drivers/system/pinmux/pinmux.o
 .debug_line    0x0000a15b      0x930 src/ASF/sam0/drivers/system/system.o
 .debug_line    0x0000aa8b      0x611 src/ASF/sam0/utils/cmsis/samd21/source/gcc/startup_samd21.o
 .debug_line    0x0000b09c      0x33e src/ASF/sam0/utils/syscalls/gcc/syscalls.o
 .debug_line    0x0000b3da      0xdb8 src/main.o

.debug_str      0x00000000    0x8bc01
 .debug_str     0x00000000    0x811c9 src/ASF/sam0/drivers/adc/adc_sam_d_r/adc.o
                              0x81bc5 (size before relaxing)
 .debug_str     0x000811c9     0x44ee src/driver/dht11/dht11.o
                              0x84589 (size before relaxing)
 .debug_str     0x000856b7      0xa1d src/driver/esp8266/esp8266.o
                              0x84fec (size before relaxing)
 .debug_str     0x000860d4      0x112 src/driver/mq/mq.o
                              0x85430 (size before relaxing)
 .debug_str     0x000861e6       0x9f src/ASF/common2/services/delay/sam0/systick_counter.o
                              0x800f6 (size before relaxing)
 .debug_str     0x00086285       0x94 src/ASF/common/utils/interrupt/interrupt_sam_nvic.o
                              0x7ff57 (size before relaxing)
 .debug_str     0x00086319       0x6c src/ASF/sam0/boards/samd21_xplained_pro/board_init.o
                              0x83aa0 (size before relaxing)
 .debug_str     0x00086385       0x53 src/ASF/sam0/drivers/port/port.o
                              0x80321 (size before relaxing)
 .debug_str     0x000863d8      0x3b4 src/ASF/sam0/drivers/sercom/sercom.o
                              0x815c4 (size before relaxing)
 .debug_str     0x0008678c      0x57d src/ASF/sam0/drivers/sercom/sercom_interrupt.o
                              0x8146f (size before relaxing)
 .debug_str     0x00086d09      0x871 src/ASF/sam0/drivers/sercom/usart/usart.o
                              0x822b2 (size before relaxing)
 .debug_str     0x0008757a      0x1e8 src/ASF/sam0/drivers/sercom/usart/usart_interrupt.o
                              0x815c3 (size before relaxing)
 .debug_str     0x00087762     0x23ca src/ASF/sam0/drivers/system/clock/clock_samd21_r21_da/clock.o
                              0x83018 (size before relaxing)
 .debug_str     0x00089b2c      0x27d src/ASF/sam0/drivers/system/clock/clock_samd21_r21_da/gclk.o
                              0x80bd6 (size before relaxing)
 .debug_str     0x00089da9      0x130 src/ASF/sam0/drivers/system/pinmux/pinmux.o
                              0x8034e (size before relaxing)
 .debug_str     0x00089ed9       0x47 src/ASF/sam0/drivers/system/system.o
                              0x7ffdc (size before relaxing)
 .debug_str     0x00089f20      0xeec src/ASF/sam0/utils/cmsis/samd21/source/gcc/startup_samd21.o
                              0x6dd0f (size before relaxing)
 .debug_str     0x0008ae0c      0x74d src/ASF/sam0/utils/syscalls/gcc/syscalls.o
                               0x5e7b (size before relaxing)
 .debug_str     0x0008b559      0x6a8 src/main.o
                              0x867f6 (size before relaxing)

.debug_frame    0x00000000      0xf6c
 .debug_frame   0x00000000       0x98 src/ASF/sam0/drivers/adc/adc_sam_d_r/adc.o
 .debug_frame   0x00000098       0x74 src/driver/dht11/dht11.o
 .debug_frame   0x0000010c       0x30 src/driver/esp8266/esp8266.o
 .debug_frame   0x0000013c       0x60 src/driver/mq/mq.o
 .debug_frame   0x0000019c       0x60 src/ASF/common2/services/delay/sam0/systick_counter.o
 .debug_frame   0x000001fc       0x30 src/ASF/common/utils/interrupt/interrupt_sam_nvic.o
 .debug_frame   0x0000022c       0x30 src/ASF/sam0/boards/samd21_xplained_pro/board_init.o
 .debug_frame   0x0000025c       0x44 src/ASF/sam0/drivers/port/port.o
 .debug_frame   0x000002a0       0x9c src/ASF/sam0/drivers/sercom/sercom.o
 .debug_frame   0x0000033c       0xec src/ASF/sam0/drivers/sercom/sercom_interrupt.o
 .debug_frame   0x00000428       0xbc src/ASF/sam0/drivers/sercom/usart/usart.o
 .debug_frame   0x000004e4      0x110 src/ASF/sam0/drivers/sercom/usart/usart_interrupt.o
 .debug_frame   0x000005f4      0x158 src/ASF/sam0/drivers/system/clock/clock_samd21_r21_da/clock.o
 .debug_frame   0x0000074c      0x148 src/ASF/sam0/drivers/system/clock/clock_samd21_r21_da/gclk.o
 .debug_frame   0x00000894       0x74 src/ASF/sam0/drivers/system/pinmux/pinmux.o
 .debug_frame   0x00000908       0x38 src/ASF/sam0/drivers/system/system.o
 .debug_frame   0x00000940       0x3c src/ASF/sam0/utils/cmsis/samd21/source/gcc/startup_samd21.o
 .debug_frame   0x0000097c       0xa8 src/ASF/sam0/utils/syscalls/gcc/syscalls.o
 .debug_frame   0x00000a24       0xc4 src/main.o
 .debug_frame   0x00000ae8       0x20 e:/program/atmel/studio/7.0/toolchain/arm/arm-gnu-toolchain/bin/../lib/gcc/arm-none-eabi/4.9.3/armv6-m\libgcc.a(_udivsi3.o)
 .debug_frame   0x00000b08       0x20 e:/program/atmel/studio/7.0/toolchain/arm/arm-gnu-toolchain/bin/../lib/gcc/arm-none-eabi/4.9.3/armv6-m\libgcc.a(_divsi3.o)
 .debug_frame   0x00000b28       0x34 e:/program/atmel/studio/7.0/toolchain/arm/arm-gnu-toolchain/bin/../lib/gcc/arm-none-eabi/4.9.3/armv6-m\libgcc.a(_muldi3.o)
 .debug_frame   0x00000b5c       0x2c e:/program/atmel/studio/7.0/toolchain/arm/arm-gnu-toolchain/bin/../lib/gcc/arm-none-eabi/4.9.3/../../../../arm-none-eabi/lib/armv6-m\libc_nano.a(lib_a-init.o)
 .debug_frame   0x00000b88       0x28 e:/program/atmel/studio/7.0/toolchain/arm/arm-gnu-toolchain/bin/../lib/gcc/arm-none-eabi/4.9.3/../../../../arm-none-eabi/lib/armv6-m\libc_nano.a(lib_a-memcpy.o)
 .debug_frame   0x00000bb0       0x50 e:/program/atmel/studio/7.0/toolchain/arm/arm-gnu-toolchain/bin/../lib/gcc/arm-none-eabi/4.9.3/../../../../arm-none-eabi/lib/armv6-m\libc_nano.a(lib_a-sprintf.o)
 .debug_frame   0x00000c00      0x140 e:/program/atmel/studio/7.0/toolchain/arm/arm-gnu-toolchain/bin/../lib/gcc/arm-none-eabi/4.9.3/../../../../arm-none-eabi/lib/armv6-m\libc_nano.a(lib_a-findfp.o)
 .debug_frame   0x00000d40       0x2c e:/program/atmel/studio/7.0/toolchain/arm/arm-gnu-toolchain/bin/../lib/gcc/arm-none-eabi/4.9.3/../../../../arm-none-eabi/lib/armv6-m\libc_nano.a(lib_a-nano-mallocr.o)
 .debug_frame   0x00000d6c       0x74 e:/program/atmel/studio/7.0/toolchain/arm/arm-gnu-toolchain/bin/../lib/gcc/arm-none-eabi/4.9.3/../../../../arm-none-eabi/lib/armv6-m\libc_nano.a(lib_a-nano-svfprintf.o)
 .debug_frame   0x00000de0       0x54 e:/program/atmel/studio/7.0/toolchain/arm/arm-gnu-toolchain/bin/../lib/gcc/arm-none-eabi/4.9.3/../../../../arm-none-eabi/lib/armv6-m\libc_nano.a(lib_a-nano-vfprintf_i.o)
 .debug_frame   0x00000e34       0x2c e:/program/atmel/studio/7.0/toolchain/arm/arm-gnu-toolchain/bin/../lib/gcc/arm-none-eabi/4.9.3/../../../../arm-none-eabi/lib/armv6-m\libc_nano.a(lib_a-sbrkr.o)
 .debug_frame   0x00000e60       0x20 e:/program/atmel/studio/7.0/toolchain/arm/arm-gnu-toolchain/bin/../lib/gcc/arm-none-eabi/4.9.3/../../../../arm-none-eabi/lib/armv6-m\libc_nano.a(lib_a-memchr.o)
 .debug_frame   0x00000e80       0x28 e:/program/atmel/studio/7.0/toolchain/arm/arm-gnu-toolchain/bin/../lib/gcc/arm-none-eabi/4.9.3/../../../../arm-none-eabi/lib/armv6-m\libc_nano.a(lib_a-memmove.o)
 .debug_frame   0x00000ea8       0x2c e:/program/atmel/studio/7.0/toolchain/arm/arm-gnu-toolchain/bin/../lib/gcc/arm-none-eabi/4.9.3/../../../../arm-none-eabi/lib/armv6-m\libc_nano.a(lib_a-nano-freer.o)
 .debug_frame   0x00000ed4       0x30 e:/program/atmel/studio/7.0/toolchain/arm/arm-gnu-toolchain/bin/../lib/gcc/arm-none-eabi/4.9.3/../../../../arm-none-eabi/lib/armv6-m\libc_nano.a(lib_a-nano-reallocr.o)
 .debug_frame   0x00000f04       0x48 e:/program/atmel/studio/7.0/toolchain/arm/arm-gnu-toolchain/bin/../lib/gcc/arm-none-eabi/4.9.3/../../../../arm-none-eabi/lib/armv6-m\libc_nano.a(lib_a-reent.o)
 .debug_frame   0x00000f4c       0x20 e:/program/atmel/studio/7.0/toolchain/arm/arm-gnu-toolchain/bin/../lib/gcc/arm-none-eabi/4.9.3/../../../../arm-none-eabi/lib/armv6-m\libc_nano.a(lib_a-nano-msizer.o)

Cross Reference Table

Symbol                                            File
AC_Handler                                        src/ASF/sam0/utils/cmsis/samd21/source/gcc/startup_samd21.o
ADC_Handler                                       src/ASF/sam0/utils/cmsis/samd21/source/gcc/startup_samd21.o
CIPMUX                                            src/driver/esp8266/esp8266.o
CIPSERVER                                         src/driver/esp8266/esp8266.o
CIPSTO                                            src/driver/esp8266/esp8266.o
DAC_Handler                                       src/ASF/sam0/utils/cmsis/samd21/source/gcc/startup_samd21.o
DMAC_Handler                                      src/ASF/sam0/utils/cmsis/samd21/source/gcc/startup_samd21.o
Do                                                src/main.o
Dummy_Handler                                     src/ASF/sam0/utils/cmsis/samd21/source/gcc/startup_samd21.o
EIC_Handler                                       src/ASF/sam0/utils/cmsis/samd21/source/gcc/startup_samd21.o
EVSYS_Handler                                     src/ASF/sam0/utils/cmsis/samd21/source/gcc/startup_samd21.o
HardFault_Handler                                 src/ASF/sam0/utils/cmsis/samd21/source/gcc/startup_samd21.o
I2S_Handler                                       src/ASF/sam0/utils/cmsis/samd21/source/gcc/startup_samd21.o
NMI_Handler                                       src/ASF/sam0/utils/cmsis/samd21/source/gcc/startup_samd21.o
NVMCTRL_Handler                                   src/ASF/sam0/utils/cmsis/samd21/source/gcc/startup_samd21.o
PM_Handler                                        src/ASF/sam0/utils/cmsis/samd21/source/gcc/startup_samd21.o
PTC_Handler                                       src/ASF/sam0/utils/cmsis/samd21/source/gcc/startup_samd21.o
PendSV_Handler                                    src/ASF/sam0/utils/cmsis/samd21/source/gcc/startup_samd21.o
RH                                                src/driver/dht11/dht11.o
RTC_Handler                                       src/ASF/sam0/utils/cmsis/samd21/source/gcc/startup_samd21.o
Reset_Handler                                     src/ASF/sam0/utils/cmsis/samd21/source/gcc/startup_samd21.o
Run_COM                                           src/driver/dht11/dht11.o
SERCOM0_Handler                                   src/ASF/sam0/drivers/sercom/sercom_interrupt.o
SERCOM1_Handler                                   src/ASF/sam0/drivers/sercom/sercom_interrupt.o
SERCOM2_Handler                                   src/ASF/sam0/drivers/sercom/sercom_interrupt.o
SERCOM3_Handler                                   src/ASF/sam0/drivers/sercom/sercom_interrupt.o
SERCOM4_Handler                                   src/ASF/sam0/drivers/sercom/sercom_interrupt.o
SERCOM5_Handler                                   src/ASF/sam0/drivers/sercom/sercom_interrupt.o
SVC_Handler                                       src/ASF/sam0/utils/cmsis/samd21/source/gcc/startup_samd21.o
SYSCTRL_Handler                                   src/ASF/sam0/utils/cmsis/samd21/source/gcc/startup_samd21.o
Send                                              src/main.o
SysTick_Handler                                   src/ASF/sam0/utils/cmsis/samd21/source/gcc/startup_samd21.o
SystemCoreClock                                   src/ASF/sam0/utils/cmsis/samd21/source/system_samd21.o
SystemCoreClockUpdate                             src/ASF/sam0/utils/cmsis/samd21/source/system_samd21.o
SystemInit                                        src/ASF/sam0/utils/cmsis/samd21/source/system_samd21.o
TC3_Handler                                       src/ASF/sam0/utils/cmsis/samd21/source/gcc/startup_samd21.o
TC4_Handler                                       src/ASF/sam0/utils/cmsis/samd21/source/gcc/startup_samd21.o
TC5_Handler                                       src/ASF/sam0/utils/cmsis/samd21/source/gcc/startup_samd21.o
TC6_Handler                                       src/ASF/sam0/utils/cmsis/samd21/source/gcc/startup_samd21.o
TC7_Handler                                       src/ASF/sam0/utils/cmsis/samd21/source/gcc/startup_samd21.o
TCC0_Handler                                      src/ASF/sam0/utils/cmsis/samd21/source/gcc/startup_samd21.o
TCC1_Handler                                      src/ASF/sam0/utils/cmsis/samd21/source/gcc/startup_samd21.o
TCC2_Handler                                      src/ASF/sam0/utils/cmsis/samd21/source/gcc/startup_samd21.o
U8FLAG                                            src/main.o
                                                  src/driver/dht11/dht11.o
U8RH_data_H                                       src/main.o
                                                  src/driver/dht11/dht11.o
U8RH_data_H_temp                                  src/main.o
                                                  src/driver/dht11/dht11.o
U8RH_data_L                                       src/main.o
                                                  src/driver/dht11/dht11.o
U8RH_data_L_temp                                  src/main.o
                                                  src/driver/dht11/dht11.o
U8T_data_H                                        src/main.o
                                                  src/driver/dht11/dht11.o
U8T_data_H_temp                                   src/main.o
                                                  src/driver/dht11/dht11.o
U8T_data_L                                        src/main.o
                                                  src/driver/dht11/dht11.o
U8T_data_L_temp                                   src/main.o
                                                  src/driver/dht11/dht11.o
U8Temp                                            src/main.o
                                                  src/driver/dht11/dht11.o
U8checkdata                                       src/main.o
                                                  src/driver/dht11/dht11.o
U8checkdata_temp                                  src/main.o
                                                  src/driver/dht11/dht11.o
U8comdata                                         src/main.o
                                                  src/driver/dht11/dht11.o
USB_Handler                                       src/ASF/sam0/utils/cmsis/samd21/source/gcc/startup_samd21.o
WDT_Handler                                       src/ASF/sam0/utils/cmsis/samd21/source/gcc/startup_samd21.o
_Jv_RegisterClasses                               e:/program/atmel/studio/7.0/toolchain/arm/arm-gnu-toolchain/bin/../lib/gcc/arm-none-eabi/4.9.3/armv6-m/crtbegin.o
__aeabi_idiv                                      e:/program/atmel/studio/7.0/toolchain/arm/arm-gnu-toolchain/bin/../lib/gcc/arm-none-eabi/4.9.3/armv6-m\libgcc.a(_divsi3.o)
                                                  e:/program/atmel/studio/7.0/toolchain/arm/arm-gnu-toolchain/bin/../lib/gcc/arm-none-eabi/4.9.3/../../../../arm-none-eabi/lib/armv6-m\libc_nano.a(lib_a-fvwrite.o)
                                                  src/main.o
__aeabi_idiv0                                     e:/program/atmel/studio/7.0/toolchain/arm/arm-gnu-toolchain/bin/../lib/gcc/arm-none-eabi/4.9.3/armv6-m\libgcc.a(_dvmd_tls.o)
                                                  e:/program/atmel/studio/7.0/toolchain/arm/arm-gnu-toolchain/bin/../lib/gcc/arm-none-eabi/4.9.3/armv6-m\libgcc.a(_divsi3.o)
                                                  e:/program/atmel/studio/7.0/toolchain/arm/arm-gnu-toolchain/bin/../lib/gcc/arm-none-eabi/4.9.3/armv6-m\libgcc.a(_udivsi3.o)
__aeabi_idivmod                                   e:/program/atmel/studio/7.0/toolchain/arm/arm-gnu-toolchain/bin/../lib/gcc/arm-none-eabi/4.9.3/armv6-m\libgcc.a(_divsi3.o)
                                                  src/main.o
__aeabi_ldiv0                                     e:/program/atmel/studio/7.0/toolchain/arm/arm-gnu-toolchain/bin/../lib/gcc/arm-none-eabi/4.9.3/armv6-m\libgcc.a(_dvmd_tls.o)
__aeabi_lmul                                      e:/program/atmel/studio/7.0/toolchain/arm/arm-gnu-toolchain/bin/../lib/gcc/arm-none-eabi/4.9.3/armv6-m\libgcc.a(_muldi3.o)
                                                  src/ASF/sam0/drivers/sercom/sercom.o
__aeabi_uidiv                                     e:/program/atmel/studio/7.0/toolchain/arm/arm-gnu-toolchain/bin/../lib/gcc/arm-none-eabi/4.9.3/armv6-m\libgcc.a(_udivsi3.o)
                                                  e:/program/atmel/studio/7.0/toolchain/arm/arm-gnu-toolchain/bin/../lib/gcc/arm-none-eabi/4.9.3/../../../../arm-none-eabi/lib/armv6-m\libc_nano.a(lib_a-nano-vfprintf_i.o)
                                                  src/ASF/sam0/drivers/system/clock/clock_samd21_r21_da/gclk.o
                                                  src/ASF/sam0/drivers/system/clock/clock_samd21_r21_da/clock.o
                                                  src/ASF/common2/services/delay/sam0/systick_counter.o
__aeabi_uidivmod                                  e:/program/atmel/studio/7.0/toolchain/arm/arm-gnu-toolchain/bin/../lib/gcc/arm-none-eabi/4.9.3/armv6-m\libgcc.a(_udivsi3.o)
                                                  e:/program/atmel/studio/7.0/toolchain/arm/arm-gnu-toolchain/bin/../lib/gcc/arm-none-eabi/4.9.3/../../../../arm-none-eabi/lib/armv6-m\libc_nano.a(lib_a-nano-vfprintf_i.o)
__bss_end__                                       e:/program/atmel/studio/7.0/toolchain/arm/arm-gnu-toolchain/bin/../lib/gcc/arm-none-eabi/4.9.3/../../../../arm-none-eabi/lib/armv6-m/crt0.o
__bss_start__                                     e:/program/atmel/studio/7.0/toolchain/arm/arm-gnu-toolchain/bin/../lib/gcc/arm-none-eabi/4.9.3/../../../../arm-none-eabi/lib/armv6-m/crt0.o
__call_exitprocs                                  e:/program/atmel/studio/7.0/toolchain/arm/arm-gnu-toolchain/bin/../lib/gcc/arm-none-eabi/4.9.3/../../../../arm-none-eabi/lib/armv6-m\libc_nano.a(lib_a-exit.o)
__ctype_ptr__                                     e:/program/atmel/studio/7.0/toolchain/arm/arm-gnu-toolchain/bin/../lib/gcc/arm-none-eabi/4.9.3/../../../../arm-none-eabi/lib/armv6-m\libc_nano.a(lib_a-ctype_.o)
                                                  src/main.o
__deregister_frame_info                           e:/program/atmel/studio/7.0/toolchain/arm/arm-gnu-toolchain/bin/../lib/gcc/arm-none-eabi/4.9.3/armv6-m/crtbegin.o
__divsi3                                          e:/program/atmel/studio/7.0/toolchain/arm/arm-gnu-toolchain/bin/../lib/gcc/arm-none-eabi/4.9.3/armv6-m\libgcc.a(_divsi3.o)
__dso_handle                                      e:/program/atmel/studio/7.0/toolchain/arm/arm-gnu-toolchain/bin/../lib/gcc/arm-none-eabi/4.9.3/armv6-m/crtbegin.o
__fp_lock_all                                     e:/program/atmel/studio/7.0/toolchain/arm/arm-gnu-toolchain/bin/../lib/gcc/arm-none-eabi/4.9.3/../../../../arm-none-eabi/lib/armv6-m\libc_nano.a(lib_a-findfp.o)
__fp_unlock_all                                   e:/program/atmel/studio/7.0/toolchain/arm/arm-gnu-toolchain/bin/../lib/gcc/arm-none-eabi/4.9.3/../../../../arm-none-eabi/lib/armv6-m\libc_nano.a(lib_a-findfp.o)
__init_array_end                                  e:/program/atmel/studio/7.0/toolchain/arm/arm-gnu-toolchain/bin/../lib/gcc/arm-none-eabi/4.9.3/../../../../arm-none-eabi/lib/armv6-m\libc_nano.a(lib_a-init.o)
__init_array_start                                e:/program/atmel/studio/7.0/toolchain/arm/arm-gnu-toolchain/bin/../lib/gcc/arm-none-eabi/4.9.3/../../../../arm-none-eabi/lib/armv6-m\libc_nano.a(lib_a-init.o)
__libc_fini_array                                 e:/program/atmel/studio/7.0/toolchain/arm/arm-gnu-toolchain/bin/../lib/gcc/arm-none-eabi/4.9.3/../../../../arm-none-eabi/lib/armv6-m/crt0.o
__libc_init_array                                 e:/program/atmel/studio/7.0/toolchain/arm/arm-gnu-toolchain/bin/../lib/gcc/arm-none-eabi/4.9.3/../../../../arm-none-eabi/lib/armv6-m\libc_nano.a(lib_a-init.o)
                                                  src/ASF/sam0/utils/cmsis/samd21/source/gcc/startup_samd21.o
                                                  e:/program/atmel/studio/7.0/toolchain/arm/arm-gnu-toolchain/bin/../lib/gcc/arm-none-eabi/4.9.3/../../../../arm-none-eabi/lib/armv6-m/crt0.o
__malloc_free_list                                e:/program/atmel/studio/7.0/toolchain/arm/arm-gnu-toolchain/bin/../lib/gcc/arm-none-eabi/4.9.3/../../../../arm-none-eabi/lib/armv6-m\libc_nano.a(lib_a-nano-mallocr.o)
                                                  e:/program/atmel/studio/7.0/toolchain/arm/arm-gnu-toolchain/bin/../lib/gcc/arm-none-eabi/4.9.3/../../../../arm-none-eabi/lib/armv6-m\libc_nano.a(lib_a-nano-freer.o)
__malloc_sbrk_start                               e:/program/atmel/studio/7.0/toolchain/arm/arm-gnu-toolchain/bin/../lib/gcc/arm-none-eabi/4.9.3/../../../../arm-none-eabi/lib/armv6-m\libc_nano.a(lib_a-nano-mallocr.o)
__muldi3                                          e:/program/atmel/studio/7.0/toolchain/arm/arm-gnu-toolchain/bin/../lib/gcc/arm-none-eabi/4.9.3/armv6-m\libgcc.a(_muldi3.o)
__preinit_array_end                               e:/program/atmel/studio/7.0/toolchain/arm/arm-gnu-toolchain/bin/../lib/gcc/arm-none-eabi/4.9.3/../../../../arm-none-eabi/lib/armv6-m\libc_nano.a(lib_a-init.o)
__preinit_array_start                             e:/program/atmel/studio/7.0/toolchain/arm/arm-gnu-toolchain/bin/../lib/gcc/arm-none-eabi/4.9.3/../../../../arm-none-eabi/lib/armv6-m\libc_nano.a(lib_a-init.o)
__register_frame_info                             e:/program/atmel/studio/7.0/toolchain/arm/arm-gnu-toolchain/bin/../lib/gcc/arm-none-eabi/4.9.3/armv6-m/crtbegin.o
__sclose                                          e:/program/atmel/studio/7.0/toolchain/arm/arm-gnu-toolchain/bin/../lib/gcc/arm-none-eabi/4.9.3/../../../../arm-none-eabi/lib/armv6-m\libc_nano.a(lib_a-stdio.o)
                                                  e:/program/atmel/studio/7.0/toolchain/arm/arm-gnu-toolchain/bin/../lib/gcc/arm-none-eabi/4.9.3/../../../../arm-none-eabi/lib/armv6-m\libc_nano.a(lib_a-findfp.o)
__seofread                                        e:/program/atmel/studio/7.0/toolchain/arm/arm-gnu-toolchain/bin/../lib/gcc/arm-none-eabi/4.9.3/../../../../arm-none-eabi/lib/armv6-m\libc_nano.a(lib_a-stdio.o)
__sf_fake_stderr                                  e:/program/atmel/studio/7.0/toolchain/arm/arm-gnu-toolchain/bin/../lib/gcc/arm-none-eabi/4.9.3/../../../../arm-none-eabi/lib/armv6-m\libc_nano.a(lib_a-findfp.o)
                                                  e:/program/atmel/studio/7.0/toolchain/arm/arm-gnu-toolchain/bin/../lib/gcc/arm-none-eabi/4.9.3/../../../../arm-none-eabi/lib/armv6-m\libc_nano.a(lib_a-fflush.o)
                                                  e:/program/atmel/studio/7.0/toolchain/arm/arm-gnu-toolchain/bin/../lib/gcc/arm-none-eabi/4.9.3/../../../../arm-none-eabi/lib/armv6-m\libc_nano.a(lib_a-wsetup.o)
                                                  e:/program/atmel/studio/7.0/toolchain/arm/arm-gnu-toolchain/bin/../lib/gcc/arm-none-eabi/4.9.3/../../../../arm-none-eabi/lib/armv6-m\libc_nano.a(lib_a-wbuf.o)
                                                  e:/program/atmel/studio/7.0/toolchain/arm/arm-gnu-toolchain/bin/../lib/gcc/arm-none-eabi/4.9.3/../../../../arm-none-eabi/lib/armv6-m\libc_nano.a(lib_a-nano-vfprintf.o)
                                                  e:/program/atmel/studio/7.0/toolchain/arm/arm-gnu-toolchain/bin/../lib/gcc/arm-none-eabi/4.9.3/../../../../arm-none-eabi/lib/armv6-m\libc_nano.a(lib_a-impure.o)
__sf_fake_stdin                                   e:/program/atmel/studio/7.0/toolchain/arm/arm-gnu-toolchain/bin/../lib/gcc/arm-none-eabi/4.9.3/../../../../arm-none-eabi/lib/armv6-m\libc_nano.a(lib_a-findfp.o)
                                                  e:/program/atmel/studio/7.0/toolchain/arm/arm-gnu-toolchain/bin/../lib/gcc/arm-none-eabi/4.9.3/../../../../arm-none-eabi/lib/armv6-m\libc_nano.a(lib_a-fflush.o)
                                                  e:/program/atmel/studio/7.0/toolchain/arm/arm-gnu-toolchain/bin/../lib/gcc/arm-none-eabi/4.9.3/../../../../arm-none-eabi/lib/armv6-m\libc_nano.a(lib_a-wsetup.o)
                                                  e:/program/atmel/studio/7.0/toolchain/arm/arm-gnu-toolchain/bin/../lib/gcc/arm-none-eabi/4.9.3/../../../../arm-none-eabi/lib/armv6-m\libc_nano.a(lib_a-wbuf.o)
                                                  e:/program/atmel/studio/7.0/toolchain/arm/arm-gnu-toolchain/bin/../lib/gcc/arm-none-eabi/4.9.3/../../../../arm-none-eabi/lib/armv6-m\libc_nano.a(lib_a-nano-vfprintf.o)
                                                  e:/program/atmel/studio/7.0/toolchain/arm/arm-gnu-toolchain/bin/../lib/gcc/arm-none-eabi/4.9.3/../../../../arm-none-eabi/lib/armv6-m\libc_nano.a(lib_a-impure.o)
__sf_fake_stdout                                  e:/program/atmel/studio/7.0/toolchain/arm/arm-gnu-toolchain/bin/../lib/gcc/arm-none-eabi/4.9.3/../../../../arm-none-eabi/lib/armv6-m\libc_nano.a(lib_a-findfp.o)
                                                  e:/program/atmel/studio/7.0/toolchain/arm/arm-gnu-toolchain/bin/../lib/gcc/arm-none-eabi/4.9.3/../../../../arm-none-eabi/lib/armv6-m\libc_nano.a(lib_a-fflush.o)
                                                  e:/program/atmel/studio/7.0/toolchain/arm/arm-gnu-toolchain/bin/../lib/gcc/arm-none-eabi/4.9.3/../../../../arm-none-eabi/lib/armv6-m\libc_nano.a(lib_a-wsetup.o)
                                                  e:/program/atmel/studio/7.0/toolchain/arm/arm-gnu-toolchain/bin/../lib/gcc/arm-none-eabi/4.9.3/../../../../arm-none-eabi/lib/armv6-m\libc_nano.a(lib_a-wbuf.o)
                                                  e:/program/atmel/studio/7.0/toolchain/arm/arm-gnu-toolchain/bin/../lib/gcc/arm-none-eabi/4.9.3/../../../../arm-none-eabi/lib/armv6-m\libc_nano.a(lib_a-nano-vfprintf.o)
                                                  e:/program/atmel/studio/7.0/toolchain/arm/arm-gnu-toolchain/bin/../lib/gcc/arm-none-eabi/4.9.3/../../../../arm-none-eabi/lib/armv6-m\libc_nano.a(lib_a-impure.o)
__sflush_r                                        e:/program/atmel/studio/7.0/toolchain/arm/arm-gnu-toolchain/bin/../lib/gcc/arm-none-eabi/4.9.3/../../../../arm-none-eabi/lib/armv6-m\libc_nano.a(lib_a-fflush.o)
__sfmoreglue                                      e:/program/atmel/studio/7.0/toolchain/arm/arm-gnu-toolchain/bin/../lib/gcc/arm-none-eabi/4.9.3/../../../../arm-none-eabi/lib/armv6-m\libc_nano.a(lib_a-findfp.o)
__sfp                                             e:/program/atmel/studio/7.0/toolchain/arm/arm-gnu-toolchain/bin/../lib/gcc/arm-none-eabi/4.9.3/../../../../arm-none-eabi/lib/armv6-m\libc_nano.a(lib_a-findfp.o)
__sfp_lock_acquire                                e:/program/atmel/studio/7.0/toolchain/arm/arm-gnu-toolchain/bin/../lib/gcc/arm-none-eabi/4.9.3/../../../../arm-none-eabi/lib/armv6-m\libc_nano.a(lib_a-findfp.o)
__sfp_lock_release                                e:/program/atmel/studio/7.0/toolchain/arm/arm-gnu-toolchain/bin/../lib/gcc/arm-none-eabi/4.9.3/../../../../arm-none-eabi/lib/armv6-m\libc_nano.a(lib_a-findfp.o)
__sfputs_r                                        e:/program/atmel/studio/7.0/toolchain/arm/arm-gnu-toolchain/bin/../lib/gcc/arm-none-eabi/4.9.3/../../../../arm-none-eabi/lib/armv6-m\libc_nano.a(lib_a-nano-vfprintf.o)
__sfvwrite_r                                      e:/program/atmel/studio/7.0/toolchain/arm/arm-gnu-toolchain/bin/../lib/gcc/arm-none-eabi/4.9.3/../../../../arm-none-eabi/lib/armv6-m\libc_nano.a(lib_a-fvwrite.o)
                                                  e:/program/atmel/studio/7.0/toolchain/arm/arm-gnu-toolchain/bin/../lib/gcc/arm-none-eabi/4.9.3/../../../../arm-none-eabi/lib/armv6-m\libc_nano.a(lib_a-nano-vfprintf.o)
__sinit                                           e:/program/atmel/studio/7.0/toolchain/arm/arm-gnu-toolchain/bin/../lib/gcc/arm-none-eabi/4.9.3/../../../../arm-none-eabi/lib/armv6-m\libc_nano.a(lib_a-findfp.o)
                                                  e:/program/atmel/studio/7.0/toolchain/arm/arm-gnu-toolchain/bin/../lib/gcc/arm-none-eabi/4.9.3/../../../../arm-none-eabi/lib/armv6-m\libc_nano.a(lib_a-fflush.o)
                                                  e:/program/atmel/studio/7.0/toolchain/arm/arm-gnu-toolchain/bin/../lib/gcc/arm-none-eabi/4.9.3/../../../../arm-none-eabi/lib/armv6-m\libc_nano.a(lib_a-wsetup.o)
                                                  e:/program/atmel/studio/7.0/toolchain/arm/arm-gnu-toolchain/bin/../lib/gcc/arm-none-eabi/4.9.3/../../../../arm-none-eabi/lib/armv6-m\libc_nano.a(lib_a-wbuf.o)
                                                  e:/program/atmel/studio/7.0/toolchain/arm/arm-gnu-toolchain/bin/../lib/gcc/arm-none-eabi/4.9.3/../../../../arm-none-eabi/lib/armv6-m\libc_nano.a(lib_a-nano-vfprintf.o)
                                                  e:/program/atmel/studio/7.0/toolchain/arm/arm-gnu-toolchain/bin/../lib/gcc/arm-none-eabi/4.9.3/../../../../arm-none-eabi/lib/armv6-m\libc_nano.a(lib_a-printf.o)
__sinit_lock_acquire                              e:/program/atmel/studio/7.0/toolchain/arm/arm-gnu-toolchain/bin/../lib/gcc/arm-none-eabi/4.9.3/../../../../arm-none-eabi/lib/armv6-m\libc_nano.a(lib_a-findfp.o)
__sinit_lock_release                              e:/program/atmel/studio/7.0/toolchain/arm/arm-gnu-toolchain/bin/../lib/gcc/arm-none-eabi/4.9.3/../../../../arm-none-eabi/lib/armv6-m\libc_nano.a(lib_a-findfp.o)
__smakebuf_r                                      e:/program/atmel/studio/7.0/toolchain/arm/arm-gnu-toolchain/bin/../lib/gcc/arm-none-eabi/4.9.3/../../../../arm-none-eabi/lib/armv6-m\libc_nano.a(lib_a-makebuf.o)
                                                  e:/program/atmel/studio/7.0/toolchain/arm/arm-gnu-toolchain/bin/../lib/gcc/arm-none-eabi/4.9.3/../../../../arm-none-eabi/lib/armv6-m\libc_nano.a(lib_a-wsetup.o)
__sprint_r                                        e:/program/atmel/studio/7.0/toolchain/arm/arm-gnu-toolchain/bin/../lib/gcc/arm-none-eabi/4.9.3/../../../../arm-none-eabi/lib/armv6-m\libc_nano.a(lib_a-nano-vfprintf.o)
__sread                                           e:/program/atmel/studio/7.0/toolchain/arm/arm-gnu-toolchain/bin/../lib/gcc/arm-none-eabi/4.9.3/../../../../arm-none-eabi/lib/armv6-m\libc_nano.a(lib_a-stdio.o)
                                                  e:/program/atmel/studio/7.0/toolchain/arm/arm-gnu-toolchain/bin/../lib/gcc/arm-none-eabi/4.9.3/../../../../arm-none-eabi/lib/armv6-m\libc_nano.a(lib_a-findfp.o)
__sseek                                           e:/program/atmel/studio/7.0/toolchain/arm/arm-gnu-toolchain/bin/../lib/gcc/arm-none-eabi/4.9.3/../../../../arm-none-eabi/lib/armv6-m\libc_nano.a(lib_a-stdio.o)
                                                  e:/program/atmel/studio/7.0/toolchain/arm/arm-gnu-toolchain/bin/../lib/gcc/arm-none-eabi/4.9.3/../../../../arm-none-eabi/lib/armv6-m\libc_nano.a(lib_a-findfp.o)
__ssprint_r                                       e:/program/atmel/studio/7.0/toolchain/arm/arm-gnu-toolchain/bin/../lib/gcc/arm-none-eabi/4.9.3/../../../../arm-none-eabi/lib/armv6-m\libc_nano.a(lib_a-nano-svfprintf.o)
__ssputs_r                                        e:/program/atmel/studio/7.0/toolchain/arm/arm-gnu-toolchain/bin/../lib/gcc/arm-none-eabi/4.9.3/../../../../arm-none-eabi/lib/armv6-m\libc_nano.a(lib_a-nano-svfprintf.o)
__stack                                           e:/program/atmel/studio/7.0/toolchain/arm/arm-gnu-toolchain/bin/../lib/gcc/arm-none-eabi/4.9.3/../../../../arm-none-eabi/lib/armv6-m/crt0.o
__swbuf                                           e:/program/atmel/studio/7.0/toolchain/arm/arm-gnu-toolchain/bin/../lib/gcc/arm-none-eabi/4.9.3/../../../../arm-none-eabi/lib/armv6-m\libc_nano.a(lib_a-wbuf.o)
__swbuf_r                                         e:/program/atmel/studio/7.0/toolchain/arm/arm-gnu-toolchain/bin/../lib/gcc/arm-none-eabi/4.9.3/../../../../arm-none-eabi/lib/armv6-m\libc_nano.a(lib_a-wbuf.o)
                                                  e:/program/atmel/studio/7.0/toolchain/arm/arm-gnu-toolchain/bin/../lib/gcc/arm-none-eabi/4.9.3/../../../../arm-none-eabi/lib/armv6-m\libc_nano.a(lib_a-nano-vfprintf.o)
__swrite                                          e:/program/atmel/studio/7.0/toolchain/arm/arm-gnu-toolchain/bin/../lib/gcc/arm-none-eabi/4.9.3/../../../../arm-none-eabi/lib/armv6-m\libc_nano.a(lib_a-stdio.o)
                                                  e:/program/atmel/studio/7.0/toolchain/arm/arm-gnu-toolchain/bin/../lib/gcc/arm-none-eabi/4.9.3/../../../../arm-none-eabi/lib/armv6-m\libc_nano.a(lib_a-findfp.o)
__swsetup_r                                       e:/program/atmel/studio/7.0/toolchain/arm/arm-gnu-toolchain/bin/../lib/gcc/arm-none-eabi/4.9.3/../../../../arm-none-eabi/lib/armv6-m\libc_nano.a(lib_a-wsetup.o)